Archive member included to satisfy reference by file (symbol)

../../Compiler/COMMON/SGL_302j/LIB_ELF/SEGA_SYS.A(sys_exit.o)
                              ../../jo_engine/core.o (SYS_Exit)
../../Compiler/COMMON/SGL_302j/LIB_ELF/SEGA_SYS.A(sys_sub.o)
                              ../../Compiler/COMMON/SGL_302j/LIB_ELF/SEGA_SYS.A(sys_exit.o) (SYSUB_SetStackptr)
../../Compiler/COMMON/SGL_302j/LIB_ELF/LIBCD.A(CDC_CMN.O)
                              ../../Compiler/COMMON/SGL_302j/LIB_ELF/SEGA_SYS.A(sys_exit.o) (CDC_GetCurStat)
../../Compiler/COMMON/SGL_302j/LIB_ELF/LIBCD.A(CDC_CFS.O)
                              ../../Compiler/COMMON/SGL_302j/LIB_ELF/SEGA_SYS.A(sys_exit.o) (CDC_ChgDir)
../../Compiler/COMMON/SGL_302j/LIB_ELF/LIBCD.A(CDC_REG.O)
                              ../../Compiler/COMMON/SGL_302j/LIB_ELF/SEGA_SYS.A(sys_exit.o) (CDC_GetHirqReq)
../../Compiler/COMMON/SGL_302j/LIB_ELF/LIBCD.A(CDC_SUB.O)
                              ../../Compiler/COMMON/SGL_302j/LIB_ELF/LIBCD.A(CDC_CMN.O) (CDSUB_UpdStatus)
../../Compiler/COMMON/SGL_302j/LIB_ELF/LIBCD.A(GFS.O)
                              ../../jo_engine/fs.o (GFS_Init)
../../Compiler/COMMON/SGL_302j/LIB_ELF/LIBCD.A(GFS_BUF.O)
                              ../../Compiler/COMMON/SGL_302j/LIB_ELF/LIBCD.A(GFS.O) (GFBF_GetNumData)
../../Compiler/COMMON/SGL_302j/LIB_ELF/LIBCD.A(GFS_CDB.O)
                              ../../Compiler/COMMON/SGL_302j/LIB_ELF/LIBCD.A(GFS.O) (GFCB_Close)
../../Compiler/COMMON/SGL_302j/LIB_ELF/LIBCD.A(GFS_CDC.O)
                              ../../Compiler/COMMON/SGL_302j/LIB_ELF/LIBCD.A(GFS.O) (GFCD_SetCdbfs)
../../Compiler/COMMON/SGL_302j/LIB_ELF/LIBCD.A(GFS_CDF.O)
                              ../../Compiler/COMMON/SGL_302j/LIB_ELF/LIBCD.A(GFS.O) (GFCF_Init)
../../Compiler/COMMON/SGL_302j/LIB_ELF/LIBCD.A(GFS_DIR.O)
                              ../../Compiler/COMMON/SGL_302j/LIB_ELF/LIBCD.A(GFS.O) (GFDR_SetupDirTbl)
../../Compiler/COMMON/SGL_302j/LIB_ELF/LIBCD.A(GFS_TRN.O)
                              ../../Compiler/COMMON/SGL_302j/LIB_ELF/LIBCD.A(GFS.O) (GFTR_Setup)
../../Compiler/COMMON/SGL_302j/LIB_ELF/LIBCD.A(CDC_DRV.O)
                              ../../Compiler/COMMON/SGL_302j/LIB_ELF/LIBCD.A(GFS_CDC.O) (CDC_CdPlay)
../../Compiler/COMMON/SGL_302j/LIB_ELF/LIBCD.A(CDC_DEV.O)
                              ../../Compiler/COMMON/SGL_302j/LIB_ELF/LIBCD.A(GFS_CDC.O) (CDC_CdSetCon)
../../Compiler/COMMON/SGL_302j/LIB_ELF/LIBCD.A(CDC_SEL.O)
                              ../../Compiler/COMMON/SGL_302j/LIB_ELF/LIBCD.A(GFS_CDC.O) (CDC_SetFiltRange)
../../Compiler/COMMON/SGL_302j/LIB_ELF/LIBCD.A(CDC_BIF.O)
                              ../../Compiler/COMMON/SGL_302j/LIB_ELF/LIBCD.A(GFS_CDC.O) (CDC_GetBufSiz)
../../Compiler/COMMON/SGL_302j/LIB_ELF/LIBCD.A(CDC_BIO.O)
                              ../../Compiler/COMMON/SGL_302j/LIB_ELF/LIBCD.A(GFS_CDC.O) (CDC_SetSctLen)
../../Compiler/COMMON/SGL_302j/LIB_ELF/LIBSGL.A(sglA01.o)
                              ../../jo_engine/math.o (slSin)
../../Compiler/COMMON/SGL_302j/LIB_ELF/LIBSGL.A(sglA15.o)
                              ../../jo_engine/slave.o (slSlaveFunc)
../../Compiler/COMMON/SGL_302j/LIB_ELF/LIBSGL.A(sglA16.o)
                              main.o (slLookAt)
../../Compiler/COMMON/SGL_302j/LIB_ELF/LIBSGL.A(sglA17.o)
                              main.o (slRotZ)
../../Compiler/COMMON/SGL_302j/LIB_ELF/LIBSGL.A(sglA18.o)
                              main.o (slRotY)
../../Compiler/COMMON/SGL_302j/LIB_ELF/LIBSGL.A(sglA19.o)
                              main.o (slRotX)
../../Compiler/COMMON/SGL_302j/LIB_ELF/LIBSGL.A(sglA20.o)
                              ../../jo_engine/core.o (slUnitMatrix)
../../Compiler/COMMON/SGL_302j/LIB_ELF/LIBSGL.A(sglA21.o)
                              main.o (slPushMatrix)
../../Compiler/COMMON/SGL_302j/LIB_ELF/LIBSGL.A(sglA27.o)
                              main.o (slTranslate)
../../Compiler/COMMON/SGL_302j/LIB_ELF/LIBSGL.A(sglB001.o)
                              display.o (slTVOn)
../../Compiler/COMMON/SGL_302j/LIB_ELF/LIBSGL.A(sglB011.o)
                              ../../jo_engine/vdp2.o (slBitMapNbg1)
../../Compiler/COMMON/SGL_302j/LIB_ELF/LIBSGL.A(sglB014.o)
                              ../../jo_engine/vdp2.o (slScrTransparent)
../../Compiler/COMMON/SGL_302j/LIB_ELF/LIBSGL.A(sglB015.o)
                              ../../jo_engine/vdp2.o (slScrAutoDisp)
../../Compiler/COMMON/SGL_302j/LIB_ELF/LIBSGL.A(sglB016.o)
                              ../../jo_engine/vdp2.o (slBack1ColSet)
../../Compiler/COMMON/SGL_302j/LIB_ELF/LIBSGL.A(sglB020.o)
                              ../../jo_engine/vdp2.o (slColorCalc)
../../Compiler/COMMON/SGL_302j/LIB_ELF/LIBSGL.A(sglB021.o)
                              ../../jo_engine/vdp2.o (slColorCalcOn)
../../Compiler/COMMON/SGL_302j/LIB_ELF/LIBSGL.A(sglB023.o)
                              ../../jo_engine/vdp2.o (slColRate)
[...]
Memory Configuration

Name             Origin             Length             Attributes
*default*        0x00000000         0xffffffff

Linker script and memory map


SLSTART         0x06004000       0x30
                0x06004000                ___Start = .
 *(SLSTART)
 SLSTART        0x06004000       0x28 ../../Compiler/COMMON/SGL_302j/LIB_ELF/LIBSGL.A(sglI00.o)
                0x06004000                SGL_Start
                0x06004002                slStartSGL

.text           0x06004040    0x132e0
 *(.text)
 .text          0x06004040        0x0 ../../Compiler/COMMON/SGL_302j/LIB_ELF/SGLAREA.O
 .text          0x06004040      0x584 main.o
                0x06004040                my_tga_palette_handling
                0x060040c4                loadtextures
                0x060041ac                create_mound
                0x06004204                create_cask
                0x060042a8                create_arm
                0x060042f0                initialise
                0x06004360                draw_objects
                0x060044e0                my_draw
                0x06004594                jo_main
 .text          0x060045c4      0xc98 display.o
                0x0600462c                distance
                0x0600463c                sameint
                0x0600466c                samefixed
                0x060046d4                interpolate_intverts
                0x060049ac                interpolate_fixedverts
                0x06004d18                revertfixedverts
                0x06004d60                movethenrotate
                0x06004e50                moveandrotate
                0x06005004                debug_menu
                0x060050b4                draw_mesh
                0x060051b0                init_3d_planes
                0x06005220                my_background
 .text          0x0600525c      0xe94 mechanics.o
                0x060052c4                jump
                0x060052f8                fpscontrols
                0x06005730                tpscontrols
                0x06005c10                wall_collision
                0x06005d58                tpwall_collision
                0x06005ef8                terrain_collision
                0x06005f68                modelview
 .text          0x060060f0       0x68 globals.o
 .text          0x06006158      0xaf0 ../../jo_engine/tga.o
                0x060063d4                jo_set_tga_default_palette
                0x060063e0                jo_set_tga_palette_handling
                0x060063ec                __jo_tga_load
                0x0600650c                __jo_tga_any_loader_from_stream
                0x06006554                jo_tga_8bits_loader_from_stream
                0x0600656c                jo_tga_loader_from_stream
                0x06006584                __jo_tga_any_loader
                0x060065d4                jo_tga_8bits_loader
                0x060065f0                jo_tga_loader
                0x0600660c                jo_tga_8bits_tileset_loader
                0x06006848                jo_sprite_add_tga_tileset
                0x06006aa0                jo_sprite_add_tga_from_stream
                0x06006b58                jo_sprite_add_tga
 .text          0x06006c48      0xa3c ../../jo_engine/3d.o
                0x06006cb0                jo_3d_init
                0x06006ce0                jo_3d_create_triangle
                0x06006d1c                jo_3d_create_plane
                0x06006d5c                jo_3d_create_mesh_from_vertices_and_normals
                0x06006e70                jo_3d_free_mesh
                0x06006ec4                jo_3d_create_cube
                0x06006f20                jo_3d_set_mesh_polygon_transparency
                0x06006f94                jo_3d_set_mesh_transparency
                0x06007000                jo_3d_set_mesh_polygon_screen_doors
                0x06007078                jo_3d_set_mesh_polygon_high_speed_shrink
                0x060070f0                jo_3d_set_mesh_high_speed_shrink
                0x0600715c                jo_3d_set_mesh_screen_doors
                0x060071c8                jo_3d_set_mesh_polygon_light
                0x06007238                jo_3d_set_mesh_light
                0x060072a4                jo_3d_set_mesh_polygon_texture
                0x06007370                jo_3d_set_mesh_texture
                0x060073dc                jo_3d_set_mesh_polygon_wireframe
                0x06007430                jo_3d_set_mesh_polygon_color_ex
                0x060074ec                jo_3d_set_mesh_color
                0x0600755c                jo_3d_free_sprite_quad
                0x06007588                jo_3d_create_sprite_quad
 .text          0x06007684      0x960 ../../jo_engine/fs.o
                0x060076ec                jo_fs_init
                0x0600779c                jo_fs_do_background_jobs
                0x06007858                jo_fs_read_file_async_ptr
                0x060079fc                jo_fs_cd
                0x06007a6c                jo_fs_read_file_ptr
                0x06007c08                jo_fs_read_file_in_dir
                0x06007c54                jo_fs_open
                0x06007d50                jo_fs_seek_forward
                0x06007e60                jo_fs_read_next_bytes
                0x06007f58                jo_fs_close
                0x06007fa4                jo_fs_set_read_sector_count
 .text          0x06007fe4      0x158 ../../jo_engine/slave.o
                0x06008064                jo_core_add_slave_callback
                0x060080b4                jo_core_remove_slave_callback
                0x060080f4                jo_core_slave_init
                0x06008104                jo_core_wait_for_slave
                0x06008128                jo_core_exec_on_slave
 .text          0x0600813c      0x574 ../../jo_engine/font.o
                0x060081a4                jo_font_load
                0x06008434                jo_font_print
                0x06008558                jo_font_print_centered
 .text          0x060086b0      0x164 ../../jo_engine/input.o
                0x06008718                jo_get_inputs_vblank
                0x06008760                jo_get_input_type
                0x060087a8                jo_get_input_count
                0x060087cc                jo_get_input_axis
 .text          0x06008814        0x0 ../../jo_engine/physics.o
 .text          0x06008814      0x988 ../../jo_engine/core.o
                0x060088c4                __jo_core_set_screens_order
                0x060089fc                jo_goto_boot_menu
                0x06008a08                jo_core_suspend
                0x06008ae8                __jo_core_error
                0x06008c08                jo_core_add_vblank_callback
                0x06008c8c                jo_core_init
                0x06008f20                jo_core_remove_vblank_callback
                0x06008f80                jo_core_add_callback
                0x06008fd0                jo_core_remove_callback
                0x06009010                jo_core_set_restart_game_callback
                0x0600901c                jo_core_run
                0x060090e4                jo_dump_vdp1_registers
                0x06009140                jo_dump_vdp2_registers
 .text          0x0600919c      0xb90 ../../jo_engine/math.o
                0x06009204                jo_fixed_mult
                0x06009218                jo_fixed_dot
                0x06009230                jo_fixed_pow
                0x06009268                jo_fixed_div
                0x06009290                jo_fixed_sin
                0x060092ec                jo_fixed_cos
                0x06009348                jo_gcd
                0x060093b0                jo_atan2f_rad
                0x06009574                jo_planar_rotate
                0x0600976c                jo_random
                0x060097dc                jo_vector_fixed_compute_bezier_point
                0x0600996c                jo_vectorf_compute_bezier_point
                0x06009abc                jo_fixed_sqrt
                0x06009b6c                jo_sqrt
                0x06009bac                jo_fixed_rsqrt
                0x06009cbc                jo_rsqrt
 .text          0x06009d2c      0x4b4 ../../jo_engine/malloc.o
                0x06009d94                jo_add_memory_zone
                0x06009e04                jo_malloc_with_behaviour
                0x06009f50                jo_reduce_memory_fragmentation
                0x06009fc4                jo_free
                0x0600a040                jo_memory_usage_percent
                0x0600a144                jo_memory_fragmentation
 .text          0x0600a1e0      0x4a8 ../../jo_engine/tools.o
                0x0600a248                jo_print
                0x0600a298                jo_clear_screen_line
                0x0600a2e0                jo_clear_screen
                0x0600a304                jo_getdate
                0x0600a3a0                jo_get_current_language
                0x0600a3c4                jo_tools_atoi
                0x0600a444                jo_strlen
                0x0600a494                jo_endwith
                0x0600a540                jo_strcmp
                0x0600a570                jo_memset
                0x0600a614                jo_map_to_vram
 .text          0x0600a688      0x134 ../../jo_engine/palette.o
                0x0600a6f0                jo_create_palette
                0x0600a744                jo_set_palette_register
                0x0600a7a8                jo_get_palette_register
 .text          0x0600a7bc      0xa30 ../../jo_engine/sprites.o
                0x0600a958                jo_sprite_usage_percent
                0x0600a9e4                jo_get_last_sprite_id
                0x0600a9f0                jo_sprite_init
                0x0600aa74                jo_sprite_name2id
                0x0600aaec                jo_sprite_replace
                0x0600ac0c                jo_sprite_add
                0x0600ac58                jo_sprite_add_8bits_image
                0x0600aca4                jo_sprite_free_from
                0x0600ad4c                jo_set_gouraud_shading_colors
                0x0600ad74                jo_set_gouraud_shading_brightness
                0x0600adb4                jo_sprite_draw_4p_fixed
                0x0600aecc                jo_sprite_draw
                0x0600b018                jo_sprite_draw_rotate
                0x0600b1b8                jo_sprite_set_clipping_area
 .text          0x0600b1ec      0xb38 ../../jo_engine/map.o
                0x0600b31c                jo_map_per_pixel_vertical_collision
                0x0600b4b0                jo_map_hitbox_detection_custom_boundaries
                0x0600b520                jo_map_create
                0x0600b59c                jo_map_add_tile
                0x0600b5c0                jo_map_add_animated_tile
                0x0600b5e4                jo_map_draw_background
                0x0600b67c                jo_map_3d_draw
                0x0600b7b8                jo_map_draw
                0x0600b8b4                jo_map_free
                0x0600b8cc                jo_map_load_from_file
                0x0600bca4                jo_map_move_tiles_by_attribute
 .text          0x0600bd24      0x200 ../../jo_engine/list.o
                0x0600bd8c                jo_list_init
                0x0600bd9c                jo_list_add
                0x0600be14                jo_list_insert_at
                0x0600bec4                jo_list_remove
 .text          0x0600bf24      0x2bc ../../jo_engine/sprite_animator.o
                0x0600c038                jo_replace_sprite_anim
                0x0600c0ec                jo_create_sprite_anim
                0x0600c1b8                jo_clear_all_sprite_anim
 .text          0x0600c1e0      0x7b0 ../../jo_engine/image.o
                0x0600c248                __jo_bin_load
                0x0600c298                jo_free_img
                0x0600c2e0                jo_bin_loader_from_stream
                0x0600c3b0                jo_bin_loader
                0x0600c434                jo_replace_color
                0x0600c4a0                jo_sprite_add_bin_tileset
                0x0600c698                jo_sprite_add_bin
                0x0600c764                jo_sprite_add_bin_from_stream
                0x0600c7fc                jo_sprite_add_image_pack
 .text          0x0600c990      0xc20 ../../jo_engine/vdp2.o
                0x0600ca74                jo_set_default_background_color
                0x0600cab4                jo_img_to_vdp2_cells
                0x0600cbd8                jo_vdp2_replace_rbg0_plane_a_8bits_image
                0x0600cbec                jo_vdp2_replace_rbg0_plane_b_8bits_image
                0x0600cc00                jo_vdp2_set_rbg0_plane_a_8bits_image
                0x0600ccc8                jo_vdp2_set_rbg0_plane_b_8bits_image
                0x0600cd90                jo_vdp2_enable_rbg0
                0x0600ce64                jo_vdp2_disable_rbg0
                0x0600ce7c                jo_init_nbg0_printf
                0x0600cf00                __jo_init_vdp2
                0x0600cf64                jo_vdp2_disable_nbg0_line_scroll
                0x0600cf88                jo_vdp2_compute_nbg0_line_scroll
                0x0600cfa0                jo_vdp2_enable_nbg0_line_scroll
                0x0600d010                jo_vdp2_draw_bitmap_nbg1_line
                0x0600d0e4                jo_vdp2_clear_bitmap_nbg1
                0x0600d154                jo_vdp2_set_nbg1_8bits_image
                0x0600d244                jo_vdp2_set_nbg1_image
                0x0600d39c                jo_vdp2_disable_nbg1_line_scroll
                0x0600d3c0                jo_vdp2_compute_nbg1_line_scroll
                0x0600d3d8                jo_vdp2_enable_nbg1_line_scroll
                0x0600d448                jo_set_displayed_screens
                0x0600d458                jo_disable_all_screens_transparency
                0x0600d47c                jo_enable_screen_transparency
 .text          0x0600d5b0      0x280 ../../jo_engine/time.o
                0x0600d618                jo_time_init
                0x0600d644                jo_get_ticks
                0x0600d724                jo_fixed_point_time
 .text          0x0600d830       0x68 ../../jo_engine/vdp1_command_pipeline.o
 .text          0x0600d898      0x334 ../../jo_engine/vdp2_malloc.o
                0x0600d900                jo_vdp2_malloc_init
                0x0600d938                jo_vdp2_free
                0x0600d9f8                jo_vdp2_malloc
 *fill*         0x0600dbcc        0x4 
 .text          0x0600dbd0      0x238 ../../Compiler/COMMON/SGL_302j/LIB_ELF/SEGA_SYS.A(sys_exit.o)
                0x0600dbd0                sys_version
                0x0600dbf0                SYS_Exit
 *fill*         0x0600de08        0x8 
 .text          0x0600de10        0x6 ../../Compiler/COMMON/SGL_302j/LIB_ELF/SEGA_SYS.A(sys_sub.o)
                0x0600de10                SYSUB_SetStackptr
 *fill*         0x0600de16        0xa 
 .text          0x0600de20      0x3a0 ../../Compiler/COMMON/SGL_302j/LIB_ELF/LIBCD.A(CDC_CMN.O)
                0x0600de20                CDC_GetCurStat
                0x0600de70                CDC_GetLastStat
                0x0600de88                CDC_GetPeriStat
                0x0600df5c                CDC_GetHwInfo
                0x0600dfc4                CDC_TgetToc
                0x0600e014                CDC_GetSes
                0x0600e050                CDC_CdInit
                0x0600e0d4                CDC_CdOpen
                0x0600e0fc                CDC_DataReady
                0x0600e168                CDC_DataEnd
 .text          0x0600e1c0      0x194 ../../Compiler/COMMON/SGL_302j/LIB_ELF/LIBCD.A(CDC_CFS.O)
                0x0600e1c0                CDC_ChgDir
                0x0600e1f4                CDC_ReadDir
                0x0600e228                CDC_GetFileScope
                0x0600e288                CDC_TgetFileInfo
                0x0600e2e4                CDC_ReadFile
                0x0600e318                CDC_AbortFile
 *fill*         0x0600e354        0xc 
 .text          0x0600e360      0x2dc ../../Compiler/COMMON/SGL_302j/LIB_ELF/LIBCD.A(CDC_REG.O)
                0x0600e360                CDC_GetDataPtr
                0x0600e370                CDC_GetHirqReq
                0x0600e384                CDC_ClrHirqReq
                0x0600e3b4                CDREG_ClrHirqReq
                0x0600e3c4                CDREG_InitHirqReq
                0x0600e3ec                CDREG_SetHirqFlag
                0x0600e400                CDC_GetHirqMsk
                0x0600e414                CDC_SetHirqMsk
                0x0600e424                CDC_GetMpegPtr
                0x0600e434                CDREG_TgetData
                0x0600e490                CDREG_CmdRsp
                0x0600e590                CDREG_WaitHirq
                0x0600e600                CDREG_ReadRsp
 *fill*         0x0600e63c        0x4 
 .text          0x0600e640      0x152 ../../Compiler/COMMON/SGL_302j/LIB_ELF/LIBCD.A(CDC_SUB.O)
                0x0600e640                CDSUB_UpdStatus
                0x0600e658                CDSUB_UpdCdstat
                0x0600e678                CDSUB_CdCmd
                0x0600e6e8                CDSUB_GetCdstat
                0x0600e728                CDSUB_RspToCdstat
                0x0600e770                CDSUB_SoftTimer
 *fill*         0x0600e792        0xe 
 .text          0x0600e7a0     0x1adc ../../Compiler/COMMON/SGL_302j/LIB_ELF/LIBCD.A(GFS.O)
                0x0600e7a0                gfs_version
                0x0600e7c0                GFS_Init
                0x0600e8a8                GFS_LoadDir
                0x0600e950                GFS_SetDir
                0x0600e9b8                GFS_NameToId
                0x0600ea1c                GFS_IdToName
                0x0600ea88                GFS_GetDirInfo
                0x0600eaf8                GFS_Reset
                0x0600eb7c                GFS_Open
                0x0600ec30                GFS_Close
                0x0600ec68                GFS_Seek
                0x0600ed1c                GFS_Tell
                0x0600ed6c                GFS_IsEof
                0x0600edc0                GFS_ByteToSct
                0x0600ee1c                GFS_GetFileSize
                0x0600ee78                GFS_GetFileInfo
                0x0600eeec                GFS_GetNumCdbuf
                0x0600ef14                GFS_Load
                0x0600efd8                GFS_Fread
                0x0600f074                gfs_waitRead
                0x0600f11c                GFS_NwFread
                0x0600f228                GFS_NwCdRead
                0x0600f2a0                GFS_NwIsComplete
                0x0600f2d8                GFS_NwStop
                0x0600f344                GFS_NwGetStat
                0x0600f3c0                gfs_recovRdErr
                0x0600f3f0                GFS_NwExecOne
                0x0600f4b0                GFS_NwExecServer
                0x0600f52c                GFS_SetGmode
                0x0600f590                GFS_SetTmode
                0x0600f5fc                GFS_SetReadPara
                0x0600f660                GFS_SetTransPara
                0x0600f6cc                GFS_SetTrFunc
                0x0600f730                GFS_StartTrans
                0x0600f77c                GFS_CdMovePickup
                0x0600f7e8                GFS_SetErrFunc
                0x0600f814                GFS_GetErrStat
                0x0600f838                GFS_ConvTno
                0x0600f860                gfs_chgRoot
                0x0600f92c                gfs_aborttrans
                0x0600f938                gfs_mngSetupFuncTbl
                0x0600f96c                gfs_mngInitWork
                0x0600fa10                gfs_mngGetNumFile
                0x0600fa78                GFS_mngAllocGrp
                0x0600fac0                gfs_mngFreeGrp
                0x0600facc                gfs_mngTermAccess
                0x0600fb50                gfs_mngSetErrCode
                0x0600fbd0                gfs_svrSearchHndl
                0x0600fc10                gfs_svrAddHndl
                0x0600fc4c                gfs_svrRemoveHndl
                0x0600fca8                GFS_OpenSub
                0x0600fd00                gfs_loadVol
                0x0600fdc4                gfs_getRootDir
                0x0600fec0                gfs_loadRootDir
                0x0600ff48                gfs_flowIn
                0x0600fff0                gfs_transData
                0x06010094                GFS_GetFad
                0x060100ec                gfs_SetSct
                0x0601012c                gfs_GetFinfo
                0x0601016c                gfs_closeSub
                0x060101a8                gfs_getGmode
                0x060101b4                gfs_isTaskDone
                0x06010208                gfs_convFinStat
 *fill*         0x0601027c        0x4 
 .text          0x06010280      0x106 ../../Compiler/COMMON/SGL_302j/LIB_ELF/LIBCD.A(GFS_BUF.O)
                0x060102b0                GFBF_GetTranData
                0x060102d8                GFBF_GetNumData
                0x06010308                GFBF_GetSrcPk
                0x06010330                GFBF_GetSctData
                0x06010354                GFBF_RtnPk
                0x0601037c                gfbf_getSctDt
 *fill*         0x06010386        0xa 
 .text          0x06010390      0x600 ../../Compiler/COMMON/SGL_302j/LIB_ELF/LIBCD.A(GFS_CDB.O)
                0x06010390                GFCB_Setup
                0x060104b0                GFCB_Close
                0x060104d8                GFCB_GetLenData
                0x06010584                GFCB_GetLenRoom
                0x06010590                GFCB_SetFilt
                0x060105f8                GFCB_DeleteAllData
                0x06010620                GFCB_Tell
                0x06010630                gfcb_getSctNum
                0x06010680                GFCB_Seek
                0x0601077c                GFCB_GetSrcPack
                0x0601085c                GFCB_GetSctData
                0x06010894                GFCB_GetDstPack
                0x060108a0                GFCB_RtnPk
                0x060108e8                GFCB_MovePickup
                0x06010904                GFCB_SetCon
                0x06010938                GFCB_GetPickup
                0x06010960                GFCB_IsPuOwner
                0x06010978                GFCB_UngetPickup
 .text          0x06010990     0x1a10 ../../Compiler/COMMON/SGL_302j/LIB_ELF/LIBCD.A(GFS_CDC.O)
                0x06010990                GFCD_SetCdbfs
                0x060109bc                GFCD_Init
                0x06010bc0                GFCD_AllocFilt
                0x06010bfc                GFCD_FreeFilt
                0x06010c2c                GFCD_AllocBuf
                0x06010c60                GFCD_FreeBuf
                0x06010d04                GFCD_GetBaseFad
                0x06010d38                GFCD_GetPickup
                0x06010d6c                GFCD_UngetPickup
                0x06010d98                GFCD_IsPuOwner
                0x06010dbc                GFCD_SetFilt
                0x06010e80                GFCD_GetFilt
                0x06010ec8                GFCD_SetCon
                0x06010f20                GFCD_Play
                0x06010f80                GFCD_GetLenData
                0x06010fe8                GFCD_ReqData
                0x06011044                GFCD_EndData
                0x0601108c                GFCD_DelSctData
                0x060110e4                GFCD_CheckDelSctData
                0x06011114                GFCD_GetStat
                0x060111c8                GFCD_MovePickup
                0x06011214                GFCD_MoveSctData
                0x06011288                GFCD_CheckMove
                0x060112ac                GFCD_GetSctInfo
                0x060112f4                GFCD_ChgDir
                0x06011368                GFCD_SetFiltCon
                0x06011450                GFCD_GetFileInfo
                0x0601152c                GFCD_GetBufSiz
                0x06011564                GFCD_ExecServer
                0x06011638                gfcd_isIdleTask
                0x060116c4                gfcd_doTask
                0x06011770                GFCD_SetTimer
                0x06011784                GFCD_WaitServer
                0x060117c0                gfcd_doSetFiltTsk
                0x06011984                gfcd_doSetConTsk
                0x06011a14                gfcd_doGetLenDataTsk
                0x06011b68                gfcd_doReqDataTsk
                0x06011c08                gfcd_doDelSctDataTsk
                0x06011d3c                gfcd_doMoveSctTsk
                0x06011ea0                gfcd_doChgDirTsk
                0x0601209c                gfcd_doSetFiltConTsk
                0x060121e0                gfcd_checkEflag
                0x06012204                gfcd_initCdbMng
                0x06012284                gfcd_setStat
                0x060122b0                GFCD_SetCsctFunc
                0x060122cc                GFCD_ChkScdqFlag
                0x060122f0                GFCD_ClrScdqFlag
                0x0601230c                GFCD_WaitScdqFlag
                0x06012350                GFCD_WaitPause
 .text          0x060123a0      0x8d8 ../../Compiler/COMMON/SGL_302j/LIB_ELF/LIBCD.A(GFS_CDF.O)
                0x060123a0                GFCF_Init
                0x06012440                GFCF_Setup
                0x06012588                GFCF_SetSct
                0x060125cc                GFCF_GetFileInfo
                0x06012640                GFCF_FlowInBuf
                0x06012794                GFCF_StopInBuf
                0x06012834                GFCF_Recover
                0x0601287c                GFCF_Tell
                0x06012894                GFCF_Seek
                0x060128ac                GFCF_MovePickup
                0x06012948                GFCF_cnvIntlvOfs
                0x0601299c                GFCF_GetStat
                0x06012a34                gfcf_getSctSize
                0x06012a70                gfcf_isCdOk
                0x06012b30                gfcf_getPlayRange
 *fill*         0x06012c78        0x8 
 .text          0x06012c80      0x92c ../../Compiler/COMMON/SGL_302j/LIB_ELF/LIBCD.A(GFS_DIR.O)
                0x06012c80                GFDR_SetupDirTbl
                0x06012cf4                GFDR_NameToId
                0x06012d54                GFDR_GetInfoDirId
                0x06012d68                GFDR_GetInfoDirName
                0x06012d7c                GFDR_GetAtrDirId
                0x06012d94                GFDR_GetAtrDirName
                0x06012dac                GFDR_ChgRoot
                0x06012dc4                GFDR_ChgDir
                0x06012e38                gfdr_setupDirIdTbl
                0x06012ebc                gfdr_setupDirNameTbl
                0x06012f68                gfdr_open
                0x06012f90                gfdr_read
                0x06013050                gfdr_readByte
                0x0601307c                gfdr_readWord
                0x060130a8                gfdr_readWordNB
                0x060130fc                gfdr_readLongNB
                0x06013148                gfdr_readLongNM
                0x06013170                gfdr_setNextRec
                0x060131f4                gfdr_readDirEnt
                0x06013570                gfdr_setDirrecCd
 *fill*         0x060135ac        0x4 
 .text          0x060135b0      0x9c6 ../../Compiler/COMMON/SGL_302j/LIB_ELF/LIBCD.A(GFS_TRN.O)
                0x060135e0                GFTR_Setup
                0x06013624                GFTR_SetMode
                0x06013638                GFTR_SetUnit
                0x06013644                GFTR_SetTransPara
                0x06013678                GFTR_GetTransPara
                0x06013684                GFTR_GetNumTrans
                0x06013690                GFTR_SetTransMax
                0x0601369c                GFTR_Start
                0x060136a8                GFTR_Pause
                0x060136b4                GFTR_Stop
                0x0601376c                GFTR_Exec
                0x060137f0                GFTR_Idle
                0x06013868                GFTR_ExecSvr
                0x06013970                gftr_getSrcPack
                0x060139f8                gftr_getDstPack
                0x06013a54                gftr_reqScu
                0x06013a60                gftr_execScu
                0x06013afc                gftr_remScu
                0x06013b30                gfdma_canUse
                0x06013b3c                gfdma_exec
                0x06013bac                gfdma_getBytecnt
                0x06013be4                gftr_reqDma0
                0x06013bfc                gftr_execSdma0
                0x06013c20                gftr_remDma0
                0x06013c38                gftr_reqDma1
                0x06013c50                gftr_execSdma1
                0x06013c74                gftr_remDma1
                0x06013c8c                gftr_reqCpu
                0x06013c98                gftr_execCpu
                0x06013cd8                gftr_remCpu
                0x06013ce4                gftr_reqTrn
                0x06013d54                gftr_execTrn
                0x06013e2c                gftr_remTrn
                0x06013ea0                gftr_copyFrac
                0x06013ec8                GFTR_GetLenData
                0x06013ed4                GFTR_GetLenRoom
                0x06013eec                GFTR_GetDstPack
                0x06013f20                GFTR_RtnDstPk
                0x06013f3c                GFTR_GetData
                0x06013f50                GFTR_SetData
                0x06013f64                GFTR_SetTransFunc
 *fill*         0x06013f76        0xa 
 .text          0x06013f80      0x130 ../../Compiler/COMMON/SGL_302j/LIB_ELF/LIBCD.A(CDC_DRV.O)
                0x06013f80                CDC_CdPlay
                0x0601404c                CDC_CdSeek
                0x06014080                CDC_CdScan
 .text          0x060140b0       0xa8 ../../Compiler/COMMON/SGL_302j/LIB_ELF/LIBCD.A(CDC_DEV.O)
                0x060140b0                CDC_CdSetCon
                0x060140e0                CDC_CdGetCon
                0x0601411c                CDC_CdGetLastBuf
 *fill*         0x06014158        0x8 
 .text          0x06014160      0x2b8 ../../Compiler/COMMON/SGL_302j/LIB_ELF/LIBCD.A(CDC_SEL.O)
                0x06014160                CDC_SetFiltRange
                0x06014194                CDC_GetFiltRange
                0x060141ec                CDC_SetFiltSubh
                0x0601425c                CDC_GetFiltSubh
                0x060142d8                CDC_SetFiltMode
                0x0601430c                CDC_GetFiltMode
                0x06014350                CDC_SetFiltCon
                0x06014390                CDC_GetFiltCon
                0x060143e4                CDC_ResetSelector
 *fill*         0x06014418        0x8 
 .text          0x06014420      0x270 ../../Compiler/COMMON/SGL_302j/LIB_ELF/LIBCD.A(CDC_BIF.O)
                0x06014420                CDC_GetBufSiz
                0x0601447c                CDC_GetSctNum
                0x060144c0                CDC_CalActSiz
                0x060144fc                CDC_GetActSiz
                0x0601457c                CDC_GetSctInfo
                0x060145fc                CDC_ExeFadSearch
                0x06014634                CDC_GetFadSearch
 .text          0x06014690      0x1e4 ../../Compiler/COMMON/SGL_302j/LIB_ELF/LIBCD.A(CDC_BIO.O)
                0x06014690                CDC_SetSctLen
                0x060146c4                CDC_GetSctData
                0x06014700                CDC_DelSctData
                0x0601473c                CDC_GetdelSctData
                0x06014778                CDC_PutSctData
                0x060147b0                CDC_CopySctData
                0x060147f4                CDC_MoveSctData
                0x06014838                CDC_GetCopyErr
 *fill*         0x06014874        0xc 
 .text          0x06014880        0x0 ../../Compiler/COMMON/SGL_302j/LIB_ELF/LIBSGL.A(sglA01.o)
 .text          0x06014880        0x0 ../../Compiler/COMMON/SGL_302j/LIB_ELF/LIBSGL.A(sglA15.o)
 .text          0x06014880        0x0 ../../Compiler/COMMON/SGL_302j/LIB_ELF/LIBSGL.A(sglA16.o)
 .text          0x06014880        0x0 ../../Compiler/COMMON/SGL_302j/LIB_ELF/LIBSGL.A(sglA17.o)
 .text          0x06014880        0x0 ../../Compiler/COMMON/SGL_302j/LIB_ELF/LIBSGL.A(sglA18.o)
 .text          0x06014880        0x0 ../../Compiler/COMMON/SGL_302j/LIB_ELF/LIBSGL.A(sglA19.o)
 .text          0x06014880        0x0 ../../Compiler/COMMON/SGL_302j/LIB_ELF/LIBSGL.A(sglA20.o)
 .text          0x06014880        0x0 ../../Compiler/COMMON/SGL_302j/LIB_ELF/LIBSGL.A(sglA21.o)
 .text          0x06014880        0x0 ../../Compiler/COMMON/SGL_302j/LIB_ELF/LIBSGL.A(sglA27.o)
 .text          0x06014880        0x0 ../../Compiler/COMMON/SGL_302j/LIB_ELF/LIBSGL.A(sglB001.o)
 .text          0x06014880        0x0 ../../Compiler/COMMON/SGL_302j/LIB_ELF/LIBSGL.A(sglB011.o)
 .text          0x06014880        0x0 ../../Compiler/COMMON/SGL_302j/LIB_ELF/LIBSGL.A(sglB014.o)
 .text          0x06014880        0x0 ../../Compiler/COMMON/SGL_302j/LIB_ELF/LIBSGL.A(sglB015.o)
 .text          0x06014880        0x0 ../../Compiler/COMMON/SGL_302j/LIB_ELF/LIBSGL.A(sglB016.o)
 .text          0x06014880        0x0 ../../Compiler/COMMON/SGL_302j/LIB_ELF/LIBSGL.A(sglB020.o)
 .text          0x06014880        0x0 ../../Compiler/COMMON/SGL_302j/LIB_ELF/LIBSGL.A(sglB021.o)
 .text          0x06014880        0x0 ../../Compiler/COMMON/SGL_302j/LIB_ELF/LIBSGL.A(sglB023.o)
 .text          0x06014880        0x0 ../../Compiler/COMMON/SGL_302j/LIB_ELF/LIBSGL.A(sglB032.o)
 .text          0x06014880        0x0 ../../Compiler/COMMON/SGL_302j/LIB_ELF/LIBSGL.A(sglB035.o)
 .text          0x06014880        0x0 ../../Compiler/COMMON/SGL_302j/LIB_ELF/LIBSGL.A(sglB036.o)
 .text          0x06014880        0x0 ../../Compiler/COMMON/SGL_302j/LIB_ELF/LIBSGL.A(sglB038.o)
 .text          0x06014880        0x0 ../../Compiler/COMMON/SGL_302j/LIB_ELF/LIBSGL.A(sglB039.o)
 .text          0x06014880        0x0 ../../Compiler/COMMON/SGL_302j/LIB_ELF/LIBSGL.A(sglB040.o)
 .text          0x06014880        0x0 ../../Compiler/COMMON/SGL_302j/LIB_ELF/LIBSGL.A(sglB041.o)
 .text          0x06014880        0x0 ../../Compiler/COMMON/SGL_302j/LIB_ELF/LIBSGL.A(sglB042.o)
 .text          0x06014880        0x0 ../../Compiler/COMMON/SGL_302j/LIB_ELF/LIBSGL.A(sglB043.o)
 .text          0x06014880        0x0 ../../Compiler/COMMON/SGL_302j/LIB_ELF/LIBSGL.A(sglB044.o)
 .text          0x06014880        0x0 ../../Compiler/COMMON/SGL_302j/LIB_ELF/LIBSGL.A(sglB045.o)
 .text          0x06014880        0x0 ../../Compiler/COMMON/SGL_302j/LIB_ELF/LIBSGL.A(sglB047.o)
 .text          0x06014880        0x0 ../../Compiler/COMMON/SGL_302j/LIB_ELF/LIBSGL.A(sglB048.o)
 .text          0x06014880        0x0 ../../Compiler/COMMON/SGL_302j/LIB_ELF/LIBSGL.A(sglB056.o)
 .text          0x06014880        0x0 ../../Compiler/COMMON/SGL_302j/LIB_ELF/LIBSGL.A(sglB059.o)
 .text          0x06014880        0x0 ../../Compiler/COMMON/SGL_302j/LIB_ELF/LIBSGL.A(sglB060.o)
 .text          0x06014880        0x0 ../../Compiler/COMMON/SGL_302j/LIB_ELF/LIBSGL.A(sglB063.o)
 .text          0x06014880        0x0 ../../Compiler/COMMON/SGL_302j/LIB_ELF/LIBSGL.A(sglB087.o)
 .text          0x06014880        0x0 ../../Compiler/COMMON/SGL_302j/LIB_ELF/LIBSGL.A(sglB088.o)
 .text          0x06014880        0x0 ../../Compiler/COMMON/SGL_302j/LIB_ELF/LIBSGL.A(sglB090.o)
 .text          0x06014880        0x0 ../../Compiler/COMMON/SGL_302j/LIB_ELF/LIBSGL.A(sglB200.o)
 .text          0x06014880        0x0 ../../Compiler/COMMON/SGL_302j/LIB_ELF/LIBSGL.A(sglC04.o)
 .text          0x06014880        0x0 ../../Compiler/COMMON/SGL_302j/LIB_ELF/LIBSGL.A(sglC05.o)
 .text          0x06014880        0x0 ../../Compiler/COMMON/SGL_302j/LIB_ELF/LIBSGL.A(sglC06.o)
 .text          0x06014880        0x0 ../../Compiler/COMMON/SGL_302j/LIB_ELF/LIBSGL.A(sglC07.o)
 .text          0x06014880        0x0 ../../Compiler/COMMON/SGL_302j/LIB_ELF/LIBSGL.A(sglC08.o)
 .text          0x06014880        0x0 ../../Compiler/COMMON/SGL_302j/LIB_ELF/LIBSGL.A(sglC16.o)
 .text          0x06014880        0x0 ../../Compiler/COMMON/SGL_302j/LIB_ELF/LIBSGL.A(sglC17.o)
 .text          0x06014880        0x0 ../../Compiler/COMMON/SGL_302j/LIB_ELF/LIBSGL.A(sglC19.o)
 .text          0x06014880        0x0 ../../Compiler/COMMON/SGL_302j/LIB_ELF/LIBSGL.A(sglC20.o)
 .text          0x06014880        0x0 ../../Compiler/COMMON/SGL_302j/LIB_ELF/LIBSGL.A(sglC21.o)
 .text          0x06014880        0x0 ../../Compiler/COMMON/SGL_302j/LIB_ELF/LIBSGL.A(sglD00.o)
 .text          0x06014880        0x0 ../../Compiler/COMMON/SGL_302j/LIB_ELF/LIBSGL.A(sglD01.o)
 .text          0x06014880        0x0 ../../Compiler/COMMON/SGL_302j/LIB_ELF/LIBSGL.A(sglD03.o)
 .text          0x06014880        0x0 ../../Compiler/COMMON/SGL_302j/LIB_ELF/LIBSGL.A(sglD15.o)
 .text          0x06014880        0x0 ../../Compiler/COMMON/SGL_302j/LIB_ELF/LIBSGL.A(sglD16.o)
 .text          0x06014880        0x0 ../../Compiler/COMMON/SGL_302j/LIB_ELF/LIBSGL.A(sglD17.o)
 .text          0x06014880        0x0 ../../Compiler/COMMON/SGL_302j/LIB_ELF/LIBSGL.A(sglD18.o)
 .text          0x06014880        0x0 ../../Compiler/COMMON/SGL_302j/LIB_ELF/LIBSGL.A(sglF00.o)
 .text          0x06014880        0x0 ../../Compiler/COMMON/SGL_302j/LIB_ELF/LIBSGL.A(sglF05.o)
 .text          0x06014880        0x0 ../../Compiler/COMMON/SGL_302j/LIB_ELF/LIBSGL.A(sglF08.o)
 .text          0x06014880        0x0 ../../Compiler/COMMON/SGL_302j/LIB_ELF/LIBSGL.A(sglH00.o)
 .text          0x06014880        0x0 ../../Compiler/COMMON/SGL_302j/LIB_ELF/LIBSGL.A(sglH01.o)
 .text          0x06014880        0x0 ../../Compiler/COMMON/SGL_302j/LIB_ELF/LIBSGL.A(sglH02.o)
 .text          0x06014880        0x0 ../../Compiler/COMMON/SGL_302j/LIB_ELF/LIBSGL.A(sglH04.o)
 .text          0x06014880        0x0 ../../Compiler/COMMON/SGL_302j/LIB_ELF/LIBSGL.A(sglI01.o)
 .text          0x06014880        0x0 ../../Compiler/COMMON/SGL_302j/LIB_ELF/LIBSGL.A(sglI04.o)
 .text          0x06014880      0x128 ../../Compiler/COMMON/SGL_302j/LIB_ELF/LIBSGL.A(sglIc0.o)
                0x06014880                slInitSystem
 *fill*         0x060149a8        0x8 
 .text          0x060149b0        0x0 ../../Compiler/COMMON/SGL_302j/LIB_ELF/LIBSGL.A(sglJ00.o)
 .text          0x060149b0        0x0 ../../Compiler/COMMON/SGL_302j/LIB_ELF/LIBSGL.A(sglJ01.o)
 .text          0x060149b0        0x0 ../../Compiler/COMMON/SGL_302j/LIB_ELF/LIBSGL.A(sglJ02.o)
 .text          0x060149b0        0x0 ../../Compiler/COMMON/SGL_302j/LIB_ELF/LIBSGL.A(sglJ03.o)
 .text          0x060149b0        0x0 ../../Compiler/COMMON/SGL_302j/LIB_ELF/LIBSGL.A(sglJ04.o)
 .text          0x060149b0        0x0 ../../Compiler/COMMON/SGL_302j/LIB_ELF/LIBSGL.A(sglJ05.o)
 .text          0x060149b0        0x0 ../../Compiler/COMMON/SGL_302j/LIB_ELF/LIBSGL.A(sglK01.o)
 .text          0x060149b0        0x0 ../../Compiler/COMMON/SGL_302j/LIB_ELF/LIBSGL.A(sglM01.o)
 .text          0x060149b0        0x0 ../../Compiler/COMMON/SGL_302j/LIB_ELF/LIBSGL.A(sglA00.o)
 .text          0x060149b0        0x0 ../../Compiler/COMMON/SGL_302j/LIB_ELF/LIBSGL.A(sglA10.o)
 .text          0x060149b0        0x0 ../../Compiler/COMMON/SGL_302j/LIB_ELF/LIBSGL.A(sglA24.o)
 .text          0x060149b0        0x0 ../../Compiler/COMMON/SGL_302j/LIB_ELF/LIBSGL.A(sglA28.o)
 .text          0x060149b0        0x0 ../../Compiler/COMMON/SGL_302j/LIB_ELF/LIBSGL.A(sglB000.o)
 .text          0x060149b0        0x0 ../../Compiler/COMMON/SGL_302j/LIB_ELF/LIBSGL.A(sglC00.o)
 .text          0x060149b0        0x0 ../../Compiler/COMMON/SGL_302j/LIB_ELF/LIBSGL.A(sglI00.o)
 .text          0x060149b0        0x0 ../../Compiler/COMMON/SGL_302j/LIB_ELF/LIBSGL.A(sglH03.o)
 .text          0x060149b0       0x52 f:/saturn dev/joengine-master/compiler/windows/bin/../lib/gcc/sh-elf/9.3.0\libgcc.a(_ashiftrt.o)
                0x060149b0                __ashiftrt_r4_31
                0x060149b0                __ashiftrt_r4_32
                0x060149b6                __ashiftrt_r4_30
                0x060149b8                __ashiftrt_r4_29
                0x060149ba                __ashiftrt_r4_28
                0x060149bc                __ashiftrt_r4_27
                0x060149be                __ashiftrt_r4_26
                0x060149c0                __ashiftrt_r4_25
                0x060149c2                __ashiftrt_r4_24
                0x060149ca                __ashiftrt_r4_23
                0x060149cc                __ashiftrt_r4_22
                0x060149ce                __ashiftrt_r4_21
                0x060149d0                __ashiftrt_r4_20
                0x060149d2                __ashiftrt_r4_19
                0x060149d4                __ashiftrt_r4_18
                0x060149d6                __ashiftrt_r4_17
                0x060149d8                __ashiftrt_r4_16
                0x060149de                __ashiftrt_r4_15
                0x060149e0                __ashiftrt_r4_14
                0x060149e2                __ashiftrt_r4_13
                0x060149e4                __ashiftrt_r4_12
                0x060149e6                __ashiftrt_r4_11
                0x060149e8                __ashiftrt_r4_10
                0x060149ea                __ashiftrt_r4_9
                0x060149ec                __ashiftrt_r4_8
                0x060149ee                __ashiftrt_r4_7
                0x060149f0                __ashiftrt_r4_6
                0x060149f2                __ashiftrt_r4_5
                0x060149f4                __ashiftrt_r4_4
                0x060149f6                __ashiftrt_r4_3
                0x060149f8                __ashiftrt_r4_2
                0x060149fa                __ashiftrt_r4_1
                0x060149fe                __ashiftrt_r4_0
 *fill*         0x06014a02        0x2 
 .text          0x06014a04       0x80 f:/saturn dev/joengine-master/compiler/windows/bin/../lib/gcc/sh-elf/9.3.0\libgcc.a(_ashiftrt_n.o)
                0x06014a04                __ashrsi3
 .text          0x06014a84       0xbc f:/saturn dev/joengine-master/compiler/windows/bin/../lib/gcc/sh-elf/9.3.0\libgcc.a(_ashiftlt.o)
                0x06014a84                __ashlsi3
                0x06014a88                __ashlsi3_r0
 .text          0x06014b40       0xbc f:/saturn dev/joengine-master/compiler/windows/bin/../lib/gcc/sh-elf/9.3.0\libgcc.a(_lshiftrt.o)
                0x06014b40                __lshrsi3
                0x06014b44                __lshrsi3_r0
 .text          0x06014bfc       0xa0 f:/saturn dev/joengine-master/compiler/windows/bin/../lib/gcc/sh-elf/9.3.0\libgcc.a(_sdivsi3.o)
                0x06014bfc                __sdivsi3
 .text          0x06014c9c       0x6c f:/saturn dev/joengine-master/compiler/windows/bin/../lib/gcc/sh-elf/9.3.0\libgcc.a(_udivsi3.o)
                0x06014cbe                __udivsi3
 .text          0x06014d08      0x21c f:/saturn dev/joengine-master/compiler/windows/bin/../lib/gcc/sh-elf/9.3.0\libgcc.a(_addsub_sf.o)
                0x06014e88                __addsf3
                0x06014ed4                __subsf3
 .text          0x06014f24      0x134 f:/saturn dev/joengine-master/compiler/windows/bin/../lib/gcc/sh-elf/9.3.0\libgcc.a(_mul_sf.o)
                0x06014f24                __mulsf3
 .text          0x06015058       0xdc f:/saturn dev/joengine-master/compiler/windows/bin/../lib/gcc/sh-elf/9.3.0\libgcc.a(_div_sf.o)
                0x06015058                __divsf3
 .text          0x06015134       0x54 f:/saturn dev/joengine-master/compiler/windows/bin/../lib/gcc/sh-elf/9.3.0\libgcc.a(_gt_sf.o)
                0x06015134                __gtsf2
 .text          0x06015188       0x54 f:/saturn dev/joengine-master/compiler/windows/bin/../lib/gcc/sh-elf/9.3.0\libgcc.a(_ge_sf.o)
                0x06015188                __gesf2
 .text          0x060151dc       0x54 f:/saturn dev/joengine-master/compiler/windows/bin/../lib/gcc/sh-elf/9.3.0\libgcc.a(_lt_sf.o)
                0x060151dc                __ltsf2
 .text          0x06015230       0x54 f:/saturn dev/joengine-master/compiler/windows/bin/../lib/gcc/sh-elf/9.3.0\libgcc.a(_le_sf.o)
                0x06015230                __lesf2
 .text          0x06015284       0x84 f:/saturn dev/joengine-master/compiler/windows/bin/../lib/gcc/sh-elf/9.3.0\libgcc.a(_si_to_sf.o)
                0x06015284                __floatsisf
 .text          0x06015308       0x70 f:/saturn dev/joengine-master/compiler/windows/bin/../lib/gcc/sh-elf/9.3.0\libgcc.a(_sf_to_si.o)
                0x06015308                __fixsfsi
 .text          0x06015378       0x3c f:/saturn dev/joengine-master/compiler/windows/bin/../lib/gcc/sh-elf/9.3.0\libgcc.a(_sf_to_df.o)
                0x06015378                __extendsfdf2
 .text          0x060153b4        0x0 f:/saturn dev/joengine-master/compiler/windows/bin/../lib/gcc/sh-elf/9.3.0\libgcc.a(_thenan_sf.o)
 .text          0x060153b4       0x94 f:/saturn dev/joengine-master/compiler/windows/bin/../lib/gcc/sh-elf/9.3.0\libgcc.a(_usi_to_sf.o)
                0x060153b4                __floatunsisf
 .text          0x06015448      0x3e0 f:/saturn dev/joengine-master/compiler/windows/bin/../lib/gcc/sh-elf/9.3.0\libgcc.a(_addsub_df.o)
                0x06015784                __adddf3
                0x060157d4                __subdf3
 .text          0x06015828      0x208 f:/saturn dev/joengine-master/compiler/windows/bin/../lib/gcc/sh-elf/9.3.0\libgcc.a(_mul_df.o)
                0x06015828                __muldf3
 .text          0x06015a30       0xa8 f:/saturn dev/joengine-master/compiler/windows/bin/../lib/gcc/sh-elf/9.3.0\libgcc.a(_si_to_df.o)
                0x06015a30                __floatsidf
 .text          0x06015ad8       0xa0 f:/saturn dev/joengine-master/compiler/windows/bin/../lib/gcc/sh-elf/9.3.0\libgcc.a(_df_to_si.o)
                0x06015ad8                __fixdfsi
 .text          0x06015b78       0x28 f:/saturn dev/joengine-master/compiler/windows/bin/../lib/gcc/sh-elf/9.3.0\libgcc.a(_make_df.o)
                0x06015b78                __make_dp
 .text          0x06015ba0       0x4c f:/saturn dev/joengine-master/compiler/windows/bin/../lib/gcc/sh-elf/9.3.0\libgcc.a(_df_to_sf.o)
                0x06015ba0                __truncdfsf2
 .text          0x06015bec        0x0 f:/saturn dev/joengine-master/compiler/windows/bin/../lib/gcc/sh-elf/9.3.0\libgcc.a(_thenan_df.o)
 .text          0x06015bec       0x54 f:/saturn dev/joengine-master/compiler/windows/bin/../lib/gcc/sh-elf/9.3.0\libgcc.a(_clzsi2.o)
                0x06015bec                __clzsi2
 .text          0x06015c40      0x11c f:/saturn dev/joengine-master/compiler/windows/bin/../lib/gcc/sh-elf/9.3.0\libgcc.a(_pack_sf.o)
                0x06015c40                __pack_f
 .text          0x06015d5c       0xa0 f:/saturn dev/joengine-master/compiler/windows/bin/../lib/gcc/sh-elf/9.3.0\libgcc.a(_unpack_sf.o)
                0x06015d5c                __unpack_f
 .text          0x06015dfc       0xac f:/saturn dev/joengine-master/compiler/windows/bin/../lib/gcc/sh-elf/9.3.0\libgcc.a(_fpcmp_parts_sf.o)
                0x06015dfc                __fpcmp_parts_f
 .text          0x06015ea8       0x20 f:/saturn dev/joengine-master/compiler/windows/bin/../lib/gcc/sh-elf/9.3.0\libgcc.a(_make_sf.o)
                0x06015ea8                __make_fp
 .text          0x06015ec8      0x274 f:/saturn dev/joengine-master/compiler/windows/bin/../lib/gcc/sh-elf/9.3.0\libgcc.a(_pack_df.o)
                0x06015ec8                __pack_d
 .text          0x0601613c       0xcc f:/saturn dev/joengine-master/compiler/windows/bin/../lib/gcc/sh-elf/9.3.0\libgcc.a(_unpack_df.o)
                0x0601613c                __unpack_d
 .text          0x06016208        0x0 f:/saturn dev/joengine-master/compiler/windows/bin/../lib/gcc/sh-elf/9.3.0\libgcc.a(_clz.o)
 .text          0x06016208       0x1e f:/saturn dev/joengine-master/compiler/windows/bin/../lib/gcc/sh-elf/9.3.0/../../../../sh-elf/lib\libc.a(lib_a-memcmp.o)
                0x06016208                memcmp
 *fill*         0x06016226        0x2 
 .text          0x06016228       0x94 f:/saturn dev/joengine-master/compiler/windows/bin/../lib/gcc/sh-elf/9.3.0/../../../../sh-elf/lib\libc.a(lib_a-memcpy.o)
                0x06016228                memcpy
 .text          0x060162bc       0x40 f:/saturn dev/joengine-master/compiler/windows/bin/../lib/gcc/sh-elf/9.3.0/../../../../sh-elf/lib\libc.a(lib_a-memset.o)
                0x060162bc                memset
 .text          0x060162fc       0x8c f:/saturn dev/joengine-master/compiler/windows/bin/../lib/gcc/sh-elf/9.3.0/../../../../sh-elf/lib\libc.a(lib_a-sprintf.o)
                0x060162fc                _siprintf_r
                0x060162fc                _sprintf_r
                0x0601633c                siprintf
                0x0601633c                sprintf
 .text          0x06016388       0x2a f:/saturn dev/joengine-master/compiler/windows/bin/../lib/gcc/sh-elf/9.3.0/../../../../sh-elf/lib\libc.a(lib_a-strncmp.o)
                0x06016388                strncmp
 .text          0x060163b2       0x36 f:/saturn dev/joengine-master/compiler/windows/bin/../lib/gcc/sh-elf/9.3.0/../../../../sh-elf/lib\libc.a(lib_a-strncpy.o)
                0x060163b2                strncpy
 .text          0x060163e8        0x0 f:/saturn dev/joengine-master/compiler/windows/bin/../lib/gcc/sh-elf/9.3.0/../../../../sh-elf/lib\libc.a(lib_a-impure.o)
 .text          0x060163e8      0x444 f:/saturn dev/joengine-master/compiler/windows/bin/../lib/gcc/sh-elf/9.3.0/../../../../sh-elf/lib\libc.a(lib_a-nano-svfprintf.o)
                0x060163e8                __ssputs_r
                0x060164dc                __ssprint_r
                0x06016610                _svfprintf_r
                0x06016610                _svfiprintf_r
 .text          0x0601682c      0x380 f:/saturn dev/joengine-master/compiler/windows/bin/../lib/gcc/sh-elf/9.3.0/../../../../sh-elf/lib\libc.a(lib_a-nano-vfprintf_i.o)
                0x0601682c                _printf_common
                0x0601692c                _printf_i
 .text          0x06016bac       0x1c f:/saturn dev/joengine-master/compiler/windows/bin/../lib/gcc/sh-elf/9.3.0/../../../../sh-elf/lib\libc.a(lib_a-memchr.o)
                0x06016bac                memchr
 .text          0x06016bc8       0x3c f:/saturn dev/joengine-master/compiler/windows/bin/../lib/gcc/sh-elf/9.3.0/../../../../sh-elf/lib\libc.a(lib_a-memmove.o)
                0x06016bc8                memmove
 .text          0x06016c04       0xd0 f:/saturn dev/joengine-master/compiler/windows/bin/../lib/gcc/sh-elf/9.3.0/../../../../sh-elf/lib\libc.a(lib_a-nano-freer.o)
                0x06016c04                _free_r
 .text          0x06016cd4       0xf8 f:/saturn dev/joengine-master/compiler/windows/bin/../lib/gcc/sh-elf/9.3.0/../../../../sh-elf/lib\libc.a(lib_a-nano-mallocr.o)
                0x06016cd4                _malloc_r
 .text          0x06016dcc       0x7c f:/saturn dev/joengine-master/compiler/windows/bin/../lib/gcc/sh-elf/9.3.0/../../../../sh-elf/lib\libc.a(lib_a-nano-reallocr.o)
                0x06016dcc                _realloc_r
 .text          0x06016e48       0x30 f:/saturn dev/joengine-master/compiler/windows/bin/../lib/gcc/sh-elf/9.3.0/../../../../sh-elf/lib\libc.a(lib_a-sbrkr.o)
                0x06016e48                _sbrk_r
 .text          0x06016e78      0x25c f:/saturn dev/joengine-master/compiler/windows/bin/../lib/gcc/sh-elf/9.3.0/../../../../sh-elf/lib\libc.a(lib_a-syscalls.o)
                0x06016ef0                _read
                0x06016f00                _lseek
                0x06016f10                _write
                0x06016f20                _close
                0x06016f30                _link
                0x06016f34                _sbrk
                0x06016f8c                _fstat
                0x06016f96                _open
                0x06016fa8                _creat
                0x06016fb8                _unlink
                0x06016fbc                isatty
                0x06016fc0                _isatty
                0x06016fc4                _exit
                0x06016fd4                _kill
                0x06016fe8                _getpid
                0x06016fec                _raise
                0x06016ff0                _stat
                0x06017000                _chmod
                0x06017010                _chown
                0x06017020                _utime
                0x06017034                _fork
                0x06017040                _wait
                0x06017050                _execve
                0x06017060                _execv
                0x06017070                _pipe
                0x0601707c                _times
                0x06017080                _gettimeofday
                0x060170a8                __setup_argv_and_call_main
 .text          0x060170d4       0x14 f:/saturn dev/joengine-master/compiler/windows/bin/../lib/gcc/sh-elf/9.3.0/../../../../sh-elf/lib\libc.a(lib_a-trap.o)
                0x060170d4                __trap34
 .text          0x060170e8       0x18 f:/saturn dev/joengine-master/compiler/windows/bin/../lib/gcc/sh-elf/9.3.0/../../../../sh-elf/lib\libc.a(lib_a-abort.o)
                0x060170e8                abort
 .text          0x06017100        0x8 f:/saturn dev/joengine-master/compiler/windows/bin/../lib/gcc/sh-elf/9.3.0/../../../../sh-elf/lib\libc.a(lib_a-mlock.o)
                0x06017100                __malloc_lock
                0x06017104                __malloc_unlock
 .text          0x06017108       0x16 f:/saturn dev/joengine-master/compiler/windows/bin/../lib/gcc/sh-elf/9.3.0/../../../../sh-elf/lib\libc.a(lib_a-nano-msizer.o)
                0x06017108                _malloc_usable_size_r
 *fill*         0x0601711e        0x2 
 .text          0x06017120      0x1b4 f:/saturn dev/joengine-master/compiler/windows/bin/../lib/gcc/sh-elf/9.3.0/../../../../sh-elf/lib\libc.a(lib_a-signal.o)
                0x06017120                _init_signal_r
                0x06017160                _signal_r
                0x060171ac                _raise_r
                0x06017224                __sigtramp_r
                0x06017288                raise
                0x0601729c                signal
                0x060172b0                _init_signal
                0x060172c0                __sigtramp
 .text          0x060172d4       0x40 f:/saturn dev/joengine-master/compiler/windows/bin/../lib/gcc/sh-elf/9.3.0/../../../../sh-elf/lib\libc.a(lib_a-signalr.o)
                0x060172d4                _kill_r
                0x06017308                _getpid_r
 *(.strings)
 *(SEGA_P)
 *(.eh_frame_hdr)
 *(.eh_frame)
                0x06017314                __etext = .

.text.startup   0x06017320       0x40
 .text.startup  0x06017320       0x40 ../../jo_engine/core.o
                0x06017320                main

SLPROG          0x06017360    0x12cf0
                0x06017360                __slprog_start = .
 *(SLPROG)
 SLPROG         0x06017360     0x6540 ../../Compiler/COMMON/SGL_302j/LIB_ELF/SGLAREA.O
                0x06017360                MasterStack
                0x06017364                SlaveStack
                0x06017368                MaxVertices
                0x0601736a                MaxPolygons
                0x0601736c                SortList
                0x06017370                SortListSize
                0x06017374                TransList
                0x06017378                Zbuffer
                0x0601737c                SpriteBuf
                0x06017380                SpriteBufSize
                0x06017384                Pbuffer
                0x06017388                CommandBuf
                0x0601738c                CLOfstBuf
                0x06017390                PCM_Work
                0x06017394                PCM_WkSize
                0x06017398                MaxEvents
                0x0601739a                EventSize
                0x0601739c                MaxWorks
                0x0601739e                WorkSize
                0x060173a0                RemainEvent
                0x060174a0                RemainWork
                0x060178a0                EventBuf
                0x060198a0                WorkBuf
 SLPROG         0x0601d8a0     0x411e ../../Compiler/COMMON/SGL_302j/LIB_ELF/LIBSGL.A(sglA01.o)
                0x0601d8a0                slSin
                0x0601d8c4                slCos
                0x0601d8e8                GetSinCos
                0x0601d97c                sin_cos_index_tbl
                0x0601d9bc                sin_tbl
 *fill*         0x060219be        0x2 
 SLPROG         0x060219c0       0x18 ../../Compiler/COMMON/SGL_302j/LIB_ELF/LIBSGL.A(sglA15.o)
                0x060219c0                slSlaveFunc
 *fill*         0x060219d8        0x8 
 SLPROG         0x060219e0       0xd0 ../../Compiler/COMMON/SGL_302j/LIB_ELF/LIBSGL.A(sglA16.o)
                0x060219e0                slLookAt
 SLPROG         0x06021ab0       0x78 ../../Compiler/COMMON/SGL_302j/LIB_ELF/LIBSGL.A(sglA17.o)
                0x06021ab0                slRotZ
                0x06021aba                slRotZSC
 *fill*         0x06021b28        0x8 
 SLPROG         0x06021b30       0x78 ../../Compiler/COMMON/SGL_302j/LIB_ELF/LIBSGL.A(sglA18.o)
                0x06021b30                slRotY
                0x06021b3a                slRotYSC
 *fill*         0x06021ba8        0x8 
 SLPROG         0x06021bb0       0x78 ../../Compiler/COMMON/SGL_302j/LIB_ELF/LIBSGL.A(sglA19.o)
                0x06021bb0                slRotX
                0x06021bba                slRotXSC
 *fill*         0x06021c28        0x8 
 SLPROG         0x06021c30      0x42c ../../Compiler/COMMON/SGL_302j/LIB_ELF/LIBSGL.A(sglA20.o)
                0x06021c30                slInitMatrix
                0x06021c3a                slPushUnitMatrix
                0x06021c4e                slUnitMatrix
 *fill*         0x0602205c        0x4 
 SLPROG         0x06022060       0x48 ../../Compiler/COMMON/SGL_302j/LIB_ELF/LIBSGL.A(sglA21.o)
                0x06022060                slPushMatrix
                0x06022094                slDecMatrixPtr
                0x06022094                slPopMatrix
 *fill*         0x060220a8        0x8 
 SLPROG         0x060220b0       0x50 ../../Compiler/COMMON/SGL_302j/LIB_ELF/LIBSGL.A(sglA27.o)
                0x060220b0                slTranslate
 SLPROG         0x06022100       0x20 ../../Compiler/COMMON/SGL_302j/LIB_ELF/LIBSGL.A(sglB001.o)
                0x06022100                slTVOn
                0x0602210a                slTVOff
 SLPROG         0x06022120       0x24 ../../Compiler/COMMON/SGL_302j/LIB_ELF/LIBSGL.A(sglB011.o)
                0x06022120                slBitMapNbg1
 *fill*         0x06022144        0xc 
 SLPROG         0x06022150        0x8 ../../Compiler/COMMON/SGL_302j/LIB_ELF/LIBSGL.A(sglB014.o)
                0x06022150                slScrTransparent
 *fill*         0x06022158        0x8 
 SLPROG         0x06022160      0x40c ../../Compiler/COMMON/SGL_302j/LIB_ELF/LIBSGL.A(sglB015.o)
                0x06022160                slScrAutoDisp
 *fill*         0x0602256c        0x4 
 SLPROG         0x06022570        0xc ../../Compiler/COMMON/SGL_302j/LIB_ELF/LIBSGL.A(sglB016.o)
                0x06022570                slBack1ColSet
 *fill*         0x0602257c        0x4 
 SLPROG         0x06022580       0x10 ../../Compiler/COMMON/SGL_302j/LIB_ELF/LIBSGL.A(sglB020.o)
                0x06022580                slColorCalc
 SLPROG         0x06022590        0xc ../../Compiler/COMMON/SGL_302j/LIB_ELF/LIBSGL.A(sglB021.o)
                0x06022590                slColorCalcOn
 *fill*         0x0602259c        0x4 
 SLPROG         0x060225a0        0xc ../../Compiler/COMMON/SGL_302j/LIB_ELF/LIBSGL.A(sglB023.o)
                0x060225a0                slColRate
 *fill*         0x060225ac        0x4 
 SLPROG         0x060225b0       0xb4 ../../Compiler/COMMON/SGL_302j/LIB_ELF/LIBSGL.A(sglB032.o)
                0x060225b0                slMapNbg1
 *fill*         0x06022664        0xc 
 SLPROG         0x06022670       0xd4 ../../Compiler/COMMON/SGL_302j/LIB_ELF/LIBSGL.A(sglB035.o)
                0x06022670                sl1MapRA
                0x06022702                rbank_set
 *fill*         0x06022744        0xc 
 SLPROG         0x06022750       0xa0 ../../Compiler/COMMON/SGL_302j/LIB_ELF/LIBSGL.A(sglB036.o)
                0x06022750                sl1MapRB
 SLPROG         0x060227f0       0x70 ../../Compiler/COMMON/SGL_302j/LIB_ELF/LIBSGL.A(sglB038.o)
                0x060227f0                slRparaInitSet
 SLPROG         0x06022860       0x7e ../../Compiler/COMMON/SGL_302j/LIB_ELF/LIBSGL.A(sglB039.o)
                0x06022860                slMakeKtable
 *fill*         0x060228de        0x2 
 SLPROG         0x060228e0       0x58 ../../Compiler/COMMON/SGL_302j/LIB_ELF/LIBSGL.A(sglB040.o)
                0x060228e0                slKtableRA
 *fill*         0x06022938        0x8 
 SLPROG         0x06022940       0x5c ../../Compiler/COMMON/SGL_302j/LIB_ELF/LIBSGL.A(sglB041.o)
                0x06022940                slKtableRB
 *fill*         0x0602299c        0x4 
 SLPROG         0x060229a0       0x10 ../../Compiler/COMMON/SGL_302j/LIB_ELF/LIBSGL.A(sglB042.o)
                0x060229a0                slCurRpara
 SLPROG         0x060229b0        0x8 ../../Compiler/COMMON/SGL_302j/LIB_ELF/LIBSGL.A(sglB043.o)
                0x060229b0                slRparaMode
 *fill*         0x060229b8        0x8 
 SLPROG         0x060229c0      0x4e4 ../../Compiler/COMMON/SGL_302j/LIB_ELF/LIBSGL.A(sglB044.o)
                0x060229c0                slScrMatSet
 *fill*         0x06022ea4        0xc 
 SLPROG         0x06022eb0       0x28 ../../Compiler/COMMON/SGL_302j/LIB_ELF/LIBSGL.A(sglB045.o)
                0x06022eb0                slScrMatConv
 *fill*         0x06022ed8        0x8 
 SLPROG         0x06022ee0        0xc ../../Compiler/COMMON/SGL_302j/LIB_ELF/LIBSGL.A(sglB047.o)
                0x06022ee0                slOverRA
 *fill*         0x06022eec        0x4 
 SLPROG         0x06022ef0       0x10 ../../Compiler/COMMON/SGL_302j/LIB_ELF/LIBSGL.A(sglB048.o)
                0x06022ef0                slOverRB
 SLPROG         0x06022f00        0xc ../../Compiler/COMMON/SGL_302j/LIB_ELF/LIBSGL.A(sglB056.o)
                0x06022f00                slPlaneNbg1
 *fill*         0x06022f0c        0x4 
 SLPROG         0x06022f10        0xc ../../Compiler/COMMON/SGL_302j/LIB_ELF/LIBSGL.A(sglB059.o)
                0x06022f10                slPlaneRA
 *fill*         0x06022f1c        0x4 
 SLPROG         0x06022f20       0x10 ../../Compiler/COMMON/SGL_302j/LIB_ELF/LIBSGL.A(sglB060.o)
                0x06022f20                slPlaneRB
 SLPROG         0x06022f30        0xc ../../Compiler/COMMON/SGL_302j/LIB_ELF/LIBSGL.A(sglB063.o)
                0x06022f30                slPriority
 *fill*         0x06022f3c        0x4 
 SLPROG         0x06022f40       0x18 ../../Compiler/COMMON/SGL_302j/LIB_ELF/LIBSGL.A(sglB087.o)
                0x06022f40                slLineScrollTable0
 *fill*         0x06022f58        0x8 
 SLPROG         0x06022f60        0x8 ../../Compiler/COMMON/SGL_302j/LIB_ELF/LIBSGL.A(sglB088.o)
                0x06022f60                slLineScrollTable1
 *fill*         0x06022f68        0x8 
 SLPROG         0x06022f70        0xc ../../Compiler/COMMON/SGL_302j/LIB_ELF/LIBSGL.A(sglB090.o)
                0x06022f70                slLineScrollMode
 *fill*         0x06022f7c        0x4 
 SLPROG         0x06022f80      0x114 ../../Compiler/COMMON/SGL_302j/LIB_ELF/LIBSGL.A(sglB200.o)
                0x06022f80                slCharRbg0
                0x06022f8c                slCharNbg0
                0x06022f98                slCharNbg1
                0x06022fa4                slCharNbg2
                0x06022fba                slCharNbg3
                0x06022fd2                slPageRbg0
                0x06022fe8                slPageNbg1
                0x06022ff0                slPageNbg2
                0x06022ff8                slPageNbg3
                0x06023004                slPageNbg0
 *fill*         0x06023094        0xc 
 SLPROG         0x060230a0       0x2c ../../Compiler/COMMON/SGL_302j/LIB_ELF/LIBSGL.A(sglC04.o)
                0x060230a0                slZdspLevel
 *fill*         0x060230cc        0x4 
 SLPROG         0x060230d0       0x78 ../../Compiler/COMMON/SGL_302j/LIB_ELF/LIBSGL.A(sglC05.o)
                0x060230d0                slSetSprite
 *fill*         0x06023148        0x8 
 SLPROG         0x06023150       0xfa ../../Compiler/COMMON/SGL_302j/LIB_ELF/LIBSGL.A(sglC06.o)
                0x06023150                slDispSprite
 *fill*         0x0602324a        0x6 
 SLPROG         0x06023250      0x162 ../../Compiler/COMMON/SGL_302j/LIB_ELF/LIBSGL.A(sglC07.o)
                0x06023256                slPutSprite
 *fill*         0x060233b2        0xe 
 SLPROG         0x060233c0     0x1218 ../../Compiler/COMMON/SGL_302j/LIB_ELF/LIBSGL.A(sglC08.o)
                0x060233c0                slPutPolygon
                0x0602403c                MsCalcDepthFlat
 *fill*         0x060245d8        0x8 
 SLPROG         0x060245e0       0x54 ../../Compiler/COMMON/SGL_302j/LIB_ELF/LIBSGL.A(sglC16.o)
                0x060245e0                slDynamicFrame
 *fill*         0x06024634        0xc 
 SLPROG         0x06024640       0x4c ../../Compiler/COMMON/SGL_302j/LIB_ELF/LIBSGL.A(sglC17.o)
                0x06024640                slDispSpriteHV
 *fill*         0x0602468c        0x4 
 SLPROG         0x06024690       0xd4 ../../Compiler/COMMON/SGL_302j/LIB_ELF/LIBSGL.A(sglC19.o)
                0x06024690                slDispSprite4P
 *fill*         0x06024764        0xc 
 SLPROG         0x06024770       0x40 ../../Compiler/COMMON/SGL_302j/LIB_ELF/LIBSGL.A(sglC20.o)
                0x06024770                SpriteEntry
 SLPROG         0x060247b0      0x4ae ../../Compiler/COMMON/SGL_302j/LIB_ELF/LIBSGL.A(sglC21.o)
                0x06024838                RotSprite
                0x060248c6                SetSprPosition
 *fill*         0x06024c5e        0x2 
 SLPROG         0x06024c60       0x84 ../../Compiler/COMMON/SGL_302j/LIB_ELF/LIBSGL.A(sglD00.o)
                0x06024c60                slCpuDMACopy
                0x06024c60                slDMACopy
                0x06024cba                CSH_AllClr
                0x06024cba                slCashPurge
 *fill*         0x06024ce4        0xc 
 SLPROG         0x06024cf0       0xa0 ../../Compiler/COMMON/SGL_302j/LIB_ELF/LIBSGL.A(sglD01.o)
                0x06024cf0                slDMAXCopy
 SLPROG         0x06024d90        0xc ../../Compiler/COMMON/SGL_302j/LIB_ELF/LIBSGL.A(sglD03.o)
                0x06024d90                slDMAStatus
 *fill*         0x06024d9c        0x4 
 SLPROG         0x06024da0       0x20 ../../Compiler/COMMON/SGL_302j/LIB_ELF/LIBSGL.A(sglD15.o)
                0x06024da0                CSH_Purge
 SLPROG         0x06024dc0       0x84 ../../Compiler/COMMON/SGL_302j/LIB_ELF/LIBSGL.A(sglD16.o)
                0x06024dc0                DMA_ScuSetPrm
                0x06024e08                DMA_SCU_PRM0
 *fill*         0x06024e44        0xc 
 SLPROG         0x06024e50       0x88 ../../Compiler/COMMON/SGL_302j/LIB_ELF/LIBSGL.A(sglD17.o)
                0x06024e50                DMA_ScuStart
 *fill*         0x06024ed8        0x8 
 SLPROG         0x06024ee0       0x34 ../../Compiler/COMMON/SGL_302j/LIB_ELF/LIBSGL.A(sglD18.o)
                0x06024ee0                DMA_ScuGetStatus
 *fill*         0x06024f14        0xc 
 SLPROG         0x06024f20       0x4e ../../Compiler/COMMON/SGL_302j/LIB_ELF/LIBSGL.A(sglF00.o)
                0x06024f20                slCurScrn
                0x06024f30                slCurColor
                0x06024f3a                slLocate
                0x06024f6c                CurrentScreen
 *fill*         0x06024f6e        0x2 
 SLPROG         0x06024f70       0x1c ../../Compiler/COMMON/SGL_302j/LIB_ELF/LIBSGL.A(sglF05.o)
                0x06024f70                slPrint
 *fill*         0x06024f8c        0x4 
 SLPROG         0x06024f90       0x34 ../../Compiler/COMMON/SGL_302j/LIB_ELF/LIBSGL.A(sglF08.o)
                0x06024f90                slDec2Hex
 *fill*         0x06024fc4        0xc 
 SLPROG         0x06024fd0      0xfc8 ../../Compiler/COMMON/SGL_302j/LIB_ELF/LIBSGL.A(sglH00.o)
                0x06024fe8                slGetPortDir1
                0x06024ff0                slGetPortDir2
                0x06024ff8                slSetPortDir1
                0x06025022                slSetPortDir2
                0x0602505c                slGetPortData1
                0x06025064                slGetPortData2
                0x0602506c                slSetPortData1
                0x06025076                slSetPortData2
                0x06025088                slGetPortSelect1
                0x06025092                slGetPortSelect2
                0x0602509c                slSetPortSelect1
                0x060250d0                slSetPortSelect2
                0x0602510c                slGetPortExt1
                0x06025116                slGetPortExt2
                0x06025120                slSetPortExt1
                0x06025150                slSetPortExt2
                0x060252c4                slSmpcDirectAccess
                0x06025344                slInitPeripheral
                0x060253d6                slSetResultBuffer
                0x06025462                slCheckIntBackSet
                0x0602546e                slIntBackCancel
                0x06025498                slCheckReset
                0x060254a2                slClearReset
                0x06025668                slSmpcCashSend
                0x06025724                slSmpcCashBlow
                0x06025800                slGetOptimize
                0x0602580a                slSetOptimize
                0x06025830                slGetPortMode1
                0x0602583c                slGetPortMode2
                0x0602584a                slSetPortMode1
                0x06025888                slSetPortMode2
                0x06025a14                slRequestCommand
                0x06025a84                Smpc_Status
                0x06025a88                Smpc_Result
                0x06025a8c                Smpc_Peripheral
                0x06025a92                Per_Connect1
                0x06025a93                Per_Connect2
                0x06025ab4                SmpcStatusBuf
 *fill*         0x06025f98        0x8 
 SLPROG         0x06025fa0       0xa8 ../../Compiler/COMMON/SGL_302j/LIB_ELF/LIBSGL.A(sglH01.o)
                0x06025fa0                slGetLanguage
                0x06025faa                slSetLanguage
                0x06025fcc                slGetSoundEffect
                0x06025fd8                slSetSoundEffect
                0x06025ff4                slGetSoundOutput
                0x06026000                slSetSoundOutput
                0x0602601c                slGetHelpWindow
                0x06026028                slSetHelpWindow
 *fill*         0x06026048        0x8 
 SLPROG         0x06026050      0x470 ../../Compiler/COMMON/SGL_302j/LIB_ELF/LIBSGL.A(sglH02.o)
                0x06026440                smpc_pfr_tbl
                0x06026480                smpc_ptf_tbl
 SLPROG         0x060264c0       0x60 ../../Compiler/COMMON/SGL_302j/LIB_ELF/LIBSGL.A(sglH04.o)
                0x060264c0                slComPrmIntBack
                0x060264d4                slComPrmSetMemory
                0x060264ea                slComPrmSetTime
 SLPROG         0x06026520      0x3a4 ../../Compiler/COMMON/SGL_302j/LIB_ELF/LIBSGL.A(sglI01.o)
                0x06026520                slInitSynch
                0x0602653a                slSynch
                0x06026630                slRandom
                0x0602664e                PCM_EndCheck
                0x0602670a                RetPCMBuf
                0x060267a4                PCM_Buf
                0x06026844                Sound_Buf
 *fill*         0x060268c4        0xc 
 SLPROG         0x060268d0       0x10 ../../Compiler/COMMON/SGL_302j/LIB_ELF/LIBSGL.A(sglI04.o)
                0x060268d0                slIntFunction
 SLPROG         0x060268e0       0x74 ../../Compiler/COMMON/SGL_302j/LIB_ELF/LIBSGL.A(sglJ00.o)
                0x060268e0                InitSlaveSH
                0x06026948                SlaveCommand
 *fill*         0x06026954        0xc 
 SLPROG         0x06026960      0x3d0 ../../Compiler/COMMON/SGL_302j/LIB_ELF/LIBSGL.A(sglJ01.o)
                0x06026960                SlaveControl
                0x06026d1c                ErasePolygonData
 SLPROG         0x06026d30     0x12b8 ../../Compiler/COMMON/SGL_302j/LIB_ELF/LIBSGL.A(sglJ02.o)
                0x06026d30                sbMakePolygon
                0x06026f18                sbCalcPolygon
                0x06027c50                SetTexture
                0x06027c5c                SetPolygon
                0x06027c64                SetPosition
                0x06027c9c                stvtc_4
                0x06027d54                stvtc_3
                0x06027f64                stvtc_1
                0x06027f78                stvtc_2
                0x06027f8c                stvtc_0
 *fill*         0x06027fe8        0x8 
 SLPROG         0x06027ff0      0x140 ../../Compiler/COMMON/SGL_302j/LIB_ELF/LIBSGL.A(sglJ03.o)
                0x06027ff0                sbMakeDMATable
 SLPROG         0x06028130      0x470 ../../Compiler/COMMON/SGL_302j/LIB_ELF/LIBSGL.A(sglJ04.o)
                0x0602818e                sbMakeSprite
                0x060281f4                sbMakeRotSprite
 SLPROG         0x060285a0       0x3c ../../Compiler/COMMON/SGL_302j/LIB_ELF/LIBSGL.A(sglJ05.o)
                0x060285a0                sbSortEntry
 *fill*         0x060285dc        0x4 
 SLPROG         0x060285e0       0x6a ../../Compiler/COMMON/SGL_302j/LIB_ELF/LIBSGL.A(sglM01.o)
                0x060285e0                slSetDepthLimit
                0x0602860c                slSetDepthTbl
                0x0602863c                DepthWorkArea
 *fill*         0x0602864a        0x6 
 SLPROG         0x06028650       0x20 ../../Compiler/COMMON/SGL_302j/LIB_ELF/LIBSGL.A(sglA00.o)
                0x06028650                set_imask
                0x06028650                _builtin_set_imask
                0x06028664                _builtin_get_imask
                0x06028664                get_imask
 SLPROG         0x06028670       0x34 ../../Compiler/COMMON/SGL_302j/LIB_ELF/LIBSGL.A(sglA10.o)
                0x06028670                slSquartDbl
 *fill*         0x060286a4        0xc 
 SLPROG         0x060286b0      0x3c2 ../../Compiler/COMMON/SGL_302j/LIB_ELF/LIBSGL.A(sglA24.o)
                0x060286b0                slInversMatrix
 *fill*         0x06028a72        0xe 
 SLPROG         0x06028a80       0x70 ../../Compiler/COMMON/SGL_302j/LIB_ELF/LIBSGL.A(sglA28.o)
                0x06028a80                slScale
 SLPROG         0x06028af0      0xbd0 ../../Compiler/COMMON/SGL_302j/LIB_ELF/LIBSGL.A(sglB000.o)
                0x06028af0                slInitScroll
                0x06028c10                setASC_1to8
                0x06028c40                setASC_4to8
                0x06028d50                TVSizeTbl
                0x06028dd0                TVModeTbl
                0x06028fa8                SGL_ASCII_CG
 SLPROG         0x060296c0      0x134 ../../Compiler/COMMON/SGL_302j/LIB_ELF/LIBSGL.A(sglC00.o)
                0x060296c0                slInitSprite
 *fill*         0x060297f4        0xc 
 SLPROG         0x06029800      0x75c ../../Compiler/COMMON/SGL_302j/LIB_ELF/LIBSGL.A(sglI00.o)
                0x06029af0                slInitInterrupt
 *fill*         0x06029f5c        0x4 
 SLPROG         0x06029f60       0xf0 ../../Compiler/COMMON/SGL_302j/LIB_ELF/LIBSGL.A(sglH03.o)
                0x06029fc4                slSmpcIntBack
                0x0602a050                __slprog_end = .

.tors           0x0602a050        0x0
                0x0602a050                ___ctors = .
 *(.ctors)
                0x0602a050                ___ctors_end = .
                0x0602a050                ___dtors = .
 *(.dtors)
                0x0602a050                ___dtors_end = .

.data           0x0602a050     0xa5a0
 *(.data)
 .data          0x0602a050        0x0 ../../Compiler/COMMON/SGL_302j/LIB_ELF/SGLAREA.O
 .data          0x0602a050     0x9df8 main.o
                0x0602a050                boulder
                0x0602a454                house
                0x0602b838                tree
                0x0602c0fc                fergus
                0x06031200                arm_verts
                0x06031290                cask2_verts
                0x06031440                cask1_verts
                0x060315f0                cask_verts
                0x060317a0                mound_verts
                0x06031860                house_verts
                0x06031a70                female
 .data          0x06033e48      0x288 display.o
                0x06033e50                boulders
                0x06033e90                trees
                0x06033eb0                keyfs
                0x06033f50                females
                0x06033fb0                casks
                0x06034030                mounds
                0x06034090                houses
                0x060340b0                player
 .data          0x060340d0        0x4 mechanics.o
 .data          0x060340d4        0x0 globals.o
 .data          0x060340d4        0x0 ../../jo_engine/tga.o
 .data          0x060340d4       0x28 ../../jo_engine/3d.o
 .data          0x060340fc        0x4 ../../jo_engine/fs.o
 .data          0x06034100        0x0 ../../jo_engine/slave.o
 .data          0x06034100        0x0 ../../jo_engine/font.o
 .data          0x06034100        0x0 ../../jo_engine/input.o
 .data          0x06034100        0x0 ../../jo_engine/physics.o
 .data          0x06034100        0x0 ../../jo_engine/core.o
 .data          0x06034100        0x4 ../../jo_engine/math.o
                0x06034100                jo_random_seed
 .data          0x06034104        0x0 ../../jo_engine/malloc.o
 .data          0x06034104        0x0 ../../jo_engine/tools.o
 .data          0x06034104        0x0 ../../jo_engine/palette.o
 .data          0x06034104       0x2c ../../jo_engine/sprites.o
                0x06034108                __jo_gouraud_shading_runtime_index
                0x0603410c                __jo_sprite_pos
                0x06034118                __jo_sprite_attributes
 .data          0x06034130        0x0 ../../jo_engine/map.o
 .data          0x06034130        0x0 ../../jo_engine/list.o
 .data          0x06034130        0x4 ../../jo_engine/sprite_animator.o
 .data          0x06034134        0x0 ../../jo_engine/image.o
 .data          0x06034134        0x0 ../../jo_engine/vdp2.o
 .data          0x06034134        0x0 ../../jo_engine/time.o
 .data          0x06034134        0x0 ../../jo_engine/vdp1_command_pipeline.o
 .data          0x06034134       0x10 ../../jo_engine/vdp2_malloc.o
 *fill*         0x06034144        0xc 
 .data          0x06034150        0x0 ../../Compiler/COMMON/SGL_302j/LIB_ELF/SEGA_SYS.A(sys_exit.o)
 .data          0x06034150        0x0 ../../Compiler/COMMON/SGL_302j/LIB_ELF/SEGA_SYS.A(sys_sub.o)
 .data          0x06034150        0x0 ../../Compiler/COMMON/SGL_302j/LIB_ELF/LIBCD.A(CDC_CMN.O)
 .data          0x06034150        0x0 ../../Compiler/COMMON/SGL_302j/LIB_ELF/LIBCD.A(CDC_CFS.O)
 .data          0x06034150        0x0 ../../Compiler/COMMON/SGL_302j/LIB_ELF/LIBCD.A(CDC_REG.O)
 .data          0x06034150        0x0 ../../Compiler/COMMON/SGL_302j/LIB_ELF/LIBCD.A(CDC_SUB.O)
 .data          0x06034150        0x0 ../../Compiler/COMMON/SGL_302j/LIB_ELF/LIBCD.A(GFS.O)
 .data          0x06034150        0x0 ../../Compiler/COMMON/SGL_302j/LIB_ELF/LIBCD.A(GFS_BUF.O)
 .data          0x06034150        0x0 ../../Compiler/COMMON/SGL_302j/LIB_ELF/LIBCD.A(GFS_CDB.O)
 .data          0x06034150        0x0 ../../Compiler/COMMON/SGL_302j/LIB_ELF/LIBCD.A(GFS_CDC.O)
 .data          0x06034150        0x0 ../../Compiler/COMMON/SGL_302j/LIB_ELF/LIBCD.A(GFS_CDF.O)
 .data          0x06034150        0x0 ../../Compiler/COMMON/SGL_302j/LIB_ELF/LIBCD.A(GFS_DIR.O)
 .data          0x06034150        0x0 ../../Compiler/COMMON/SGL_302j/LIB_ELF/LIBCD.A(GFS_TRN.O)
 .data          0x06034150        0x0 ../../Compiler/COMMON/SGL_302j/LIB_ELF/LIBCD.A(CDC_DRV.O)
 .data          0x06034150        0x0 ../../Compiler/COMMON/SGL_302j/LIB_ELF/LIBCD.A(CDC_DEV.O)
 .data          0x06034150        0x0 ../../Compiler/COMMON/SGL_302j/LIB_ELF/LIBCD.A(CDC_SEL.O)
 .data          0x06034150        0x0 ../../Compiler/COMMON/SGL_302j/LIB_ELF/LIBCD.A(CDC_BIF.O)
 .data          0x06034150        0x0 ../../Compiler/COMMON/SGL_302j/LIB_ELF/LIBCD.A(CDC_BIO.O)
 .data          0x06034150        0x0 ../../Compiler/COMMON/SGL_302j/LIB_ELF/LIBSGL.A(sglA01.o)
 .data          0x06034150        0x0 ../../Compiler/COMMON/SGL_302j/LIB_ELF/LIBSGL.A(sglA15.o)
 .data          0x06034150        0x0 ../../Compiler/COMMON/SGL_302j/LIB_ELF/LIBSGL.A(sglA16.o)
 .data          0x06034150        0x0 ../../Compiler/COMMON/SGL_302j/LIB_ELF/LIBSGL.A(sglA17.o)
 .data          0x06034150        0x0 ../../Compiler/COMMON/SGL_302j/LIB_ELF/LIBSGL.A(sglA18.o)
 .data          0x06034150        0x0 ../../Compiler/COMMON/SGL_302j/LIB_ELF/LIBSGL.A(sglA19.o)
 .data          0x06034150        0x0 ../../Compiler/COMMON/SGL_302j/LIB_ELF/LIBSGL.A(sglA20.o)
 .data          0x06034150        0x0 ../../Compiler/COMMON/SGL_302j/LIB_ELF/LIBSGL.A(sglA21.o)
 .data          0x06034150        0x0 ../../Compiler/COMMON/SGL_302j/LIB_ELF/LIBSGL.A(sglA27.o)
 .data          0x06034150        0x0 ../../Compiler/COMMON/SGL_302j/LIB_ELF/LIBSGL.A(sglB001.o)
 .data          0x06034150        0x0 ../../Compiler/COMMON/SGL_302j/LIB_ELF/LIBSGL.A(sglB011.o)
 .data          0x06034150        0x0 ../../Compiler/COMMON/SGL_302j/LIB_ELF/LIBSGL.A(sglB014.o)
 .data          0x06034150        0x0 ../../Compiler/COMMON/SGL_302j/LIB_ELF/LIBSGL.A(sglB015.o)
 .data          0x06034150        0x0 ../../Compiler/COMMON/SGL_302j/LIB_ELF/LIBSGL.A(sglB016.o)
 .data          0x06034150        0x0 ../../Compiler/COMMON/SGL_302j/LIB_ELF/LIBSGL.A(sglB020.o)
 .data          0x06034150        0x0 ../../Compiler/COMMON/SGL_302j/LIB_ELF/LIBSGL.A(sglB021.o)
 .data          0x06034150        0x0 ../../Compiler/COMMON/SGL_302j/LIB_ELF/LIBSGL.A(sglB023.o)
 .data          0x06034150        0x0 ../../Compiler/COMMON/SGL_302j/LIB_ELF/LIBSGL.A(sglB032.o)
 .data          0x06034150        0x0 ../../Compiler/COMMON/SGL_302j/LIB_ELF/LIBSGL.A(sglB035.o)
 .data          0x06034150        0x0 ../../Compiler/COMMON/SGL_302j/LIB_ELF/LIBSGL.A(sglB036.o)
 .data          0x06034150        0x0 ../../Compiler/COMMON/SGL_302j/LIB_ELF/LIBSGL.A(sglB038.o)
 .data          0x06034150        0x0 ../../Compiler/COMMON/SGL_302j/LIB_ELF/LIBSGL.A(sglB039.o)
 .data          0x06034150        0x0 ../../Compiler/COMMON/SGL_302j/LIB_ELF/LIBSGL.A(sglB040.o)
 .data          0x06034150        0x0 ../../Compiler/COMMON/SGL_302j/LIB_ELF/LIBSGL.A(sglB041.o)
 .data          0x06034150        0x0 ../../Compiler/COMMON/SGL_302j/LIB_ELF/LIBSGL.A(sglB042.o)
 .data          0x06034150        0x0 ../../Compiler/COMMON/SGL_302j/LIB_ELF/LIBSGL.A(sglB043.o)
 .data          0x06034150        0x0 ../../Compiler/COMMON/SGL_302j/LIB_ELF/LIBSGL.A(sglB044.o)
 .data          0x06034150        0x0 ../../Compiler/COMMON/SGL_302j/LIB_ELF/LIBSGL.A(sglB045.o)
 .data          0x06034150        0x0 ../../Compiler/COMMON/SGL_302j/LIB_ELF/LIBSGL.A(sglB047.o)
 .data          0x06034150        0x0 ../../Compiler/COMMON/SGL_302j/LIB_ELF/LIBSGL.A(sglB048.o)
 .data          0x06034150        0x0 ../../Compiler/COMMON/SGL_302j/LIB_ELF/LIBSGL.A(sglB056.o)
 .data          0x06034150        0x0 ../../Compiler/COMMON/SGL_302j/LIB_ELF/LIBSGL.A(sglB059.o)
 .data          0x06034150        0x0 ../../Compiler/COMMON/SGL_302j/LIB_ELF/LIBSGL.A(sglB060.o)
 .data          0x06034150        0x0 ../../Compiler/COMMON/SGL_302j/LIB_ELF/LIBSGL.A(sglB063.o)
 .data          0x06034150        0x0 ../../Compiler/COMMON/SGL_302j/LIB_ELF/LIBSGL.A(sglB087.o)
 .data          0x06034150        0x0 ../../Compiler/COMMON/SGL_302j/LIB_ELF/LIBSGL.A(sglB088.o)
 .data          0x06034150        0x0 ../../Compiler/COMMON/SGL_302j/LIB_ELF/LIBSGL.A(sglB090.o)
 .data          0x06034150        0x0 ../../Compiler/COMMON/SGL_302j/LIB_ELF/LIBSGL.A(sglB200.o)
 .data          0x06034150        0x0 ../../Compiler/COMMON/SGL_302j/LIB_ELF/LIBSGL.A(sglC04.o)
 .data          0x06034150        0x0 ../../Compiler/COMMON/SGL_302j/LIB_ELF/LIBSGL.A(sglC05.o)
 .data          0x06034150        0x0 ../../Compiler/COMMON/SGL_302j/LIB_ELF/LIBSGL.A(sglC06.o)
 .data          0x06034150        0x0 ../../Compiler/COMMON/SGL_302j/LIB_ELF/LIBSGL.A(sglC07.o)
 .data          0x06034150        0x0 ../../Compiler/COMMON/SGL_302j/LIB_ELF/LIBSGL.A(sglC08.o)
 .data          0x06034150        0x0 ../../Compiler/COMMON/SGL_302j/LIB_ELF/LIBSGL.A(sglC16.o)
 .data          0x06034150        0x0 ../../Compiler/COMMON/SGL_302j/LIB_ELF/LIBSGL.A(sglC17.o)
 .data          0x06034150        0x0 ../../Compiler/COMMON/SGL_302j/LIB_ELF/LIBSGL.A(sglC19.o)
 .data          0x06034150        0x0 ../../Compiler/COMMON/SGL_302j/LIB_ELF/LIBSGL.A(sglC20.o)
 .data          0x06034150        0x0 ../../Compiler/COMMON/SGL_302j/LIB_ELF/LIBSGL.A(sglC21.o)
 .data          0x06034150        0x0 ../../Compiler/COMMON/SGL_302j/LIB_ELF/LIBSGL.A(sglD00.o)
 .data          0x06034150        0x0 ../../Compiler/COMMON/SGL_302j/LIB_ELF/LIBSGL.A(sglD01.o)
 .data          0x06034150        0x0 ../../Compiler/COMMON/SGL_302j/LIB_ELF/LIBSGL.A(sglD03.o)
 .data          0x06034150        0x0 ../../Compiler/COMMON/SGL_302j/LIB_ELF/LIBSGL.A(sglD15.o)
 .data          0x06034150        0x0 ../../Compiler/COMMON/SGL_302j/LIB_ELF/LIBSGL.A(sglD16.o)
 .data          0x06034150        0x0 ../../Compiler/COMMON/SGL_302j/LIB_ELF/LIBSGL.A(sglD17.o)
 .data          0x06034150        0x0 ../../Compiler/COMMON/SGL_302j/LIB_ELF/LIBSGL.A(sglD18.o)
 .data          0x06034150        0x0 ../../Compiler/COMMON/SGL_302j/LIB_ELF/LIBSGL.A(sglF00.o)
 .data          0x06034150        0x0 ../../Compiler/COMMON/SGL_302j/LIB_ELF/LIBSGL.A(sglF05.o)
 .data          0x06034150        0x0 ../../Compiler/COMMON/SGL_302j/LIB_ELF/LIBSGL.A(sglF08.o)
 .data          0x06034150        0x0 ../../Compiler/COMMON/SGL_302j/LIB_ELF/LIBSGL.A(sglH00.o)
 .data          0x06034150        0x0 ../../Compiler/COMMON/SGL_302j/LIB_ELF/LIBSGL.A(sglH01.o)
 .data          0x06034150        0x0 ../../Compiler/COMMON/SGL_302j/LIB_ELF/LIBSGL.A(sglH02.o)
 .data          0x06034150        0x0 ../../Compiler/COMMON/SGL_302j/LIB_ELF/LIBSGL.A(sglH04.o)
 .data          0x06034150        0x0 ../../Compiler/COMMON/SGL_302j/LIB_ELF/LIBSGL.A(sglI01.o)
 .data          0x06034150        0x0 ../../Compiler/COMMON/SGL_302j/LIB_ELF/LIBSGL.A(sglI04.o)
 .data          0x06034150       0x80 ../../Compiler/COMMON/SGL_302j/LIB_ELF/LIBSGL.A(sglIc0.o)
                0x06034150                IntPrioMask
 .data          0x060341d0        0x0 ../../Compiler/COMMON/SGL_302j/LIB_ELF/LIBSGL.A(sglJ00.o)
 .data          0x060341d0        0x0 ../../Compiler/COMMON/SGL_302j/LIB_ELF/LIBSGL.A(sglJ01.o)
 .data          0x060341d0        0x0 ../../Compiler/COMMON/SGL_302j/LIB_ELF/LIBSGL.A(sglJ02.o)
 .data          0x060341d0        0x0 ../../Compiler/COMMON/SGL_302j/LIB_ELF/LIBSGL.A(sglJ03.o)
 .data          0x060341d0        0x0 ../../Compiler/COMMON/SGL_302j/LIB_ELF/LIBSGL.A(sglJ04.o)
 .data          0x060341d0        0x0 ../../Compiler/COMMON/SGL_302j/LIB_ELF/LIBSGL.A(sglJ05.o)
 .data          0x060341d0        0x0 ../../Compiler/COMMON/SGL_302j/LIB_ELF/LIBSGL.A(sglK01.o)
 .data          0x060341d0        0x0 ../../Compiler/COMMON/SGL_302j/LIB_ELF/LIBSGL.A(sglM01.o)
 .data          0x060341d0        0x0 ../../Compiler/COMMON/SGL_302j/LIB_ELF/LIBSGL.A(sglA00.o)
 .data          0x060341d0        0x0 ../../Compiler/COMMON/SGL_302j/LIB_ELF/LIBSGL.A(sglA10.o)
 .data          0x060341d0        0x0 ../../Compiler/COMMON/SGL_302j/LIB_ELF/LIBSGL.A(sglA24.o)
 .data          0x060341d0        0x0 ../../Compiler/COMMON/SGL_302j/LIB_ELF/LIBSGL.A(sglA28.o)
 .data          0x060341d0        0x0 ../../Compiler/COMMON/SGL_302j/LIB_ELF/LIBSGL.A(sglB000.o)
 .data          0x060341d0        0x0 ../../Compiler/COMMON/SGL_302j/LIB_ELF/LIBSGL.A(sglC00.o)
 .data          0x060341d0        0x0 ../../Compiler/COMMON/SGL_302j/LIB_ELF/LIBSGL.A(sglI00.o)
 .data          0x060341d0        0x0 ../../Compiler/COMMON/SGL_302j/LIB_ELF/LIBSGL.A(sglH03.o)
 .data          0x060341d0        0x0 f:/saturn dev/joengine-master/compiler/windows/bin/../lib/gcc/sh-elf/9.3.0\libgcc.a(_ashiftrt.o)
 .data          0x060341d0        0x0 f:/saturn dev/joengine-master/compiler/windows/bin/../lib/gcc/sh-elf/9.3.0\libgcc.a(_ashiftrt_n.o)
 .data          0x060341d0        0x0 f:/saturn dev/joengine-master/compiler/windows/bin/../lib/gcc/sh-elf/9.3.0\libgcc.a(_ashiftlt.o)
 .data          0x060341d0        0x0 f:/saturn dev/joengine-master/compiler/windows/bin/../lib/gcc/sh-elf/9.3.0\libgcc.a(_lshiftrt.o)
 .data          0x060341d0        0x0 f:/saturn dev/joengine-master/compiler/windows/bin/../lib/gcc/sh-elf/9.3.0\libgcc.a(_sdivsi3.o)
 .data          0x060341d0        0x0 f:/saturn dev/joengine-master/compiler/windows/bin/../lib/gcc/sh-elf/9.3.0\libgcc.a(_udivsi3.o)
 .data          0x060341d0        0x0 f:/saturn dev/joengine-master/compiler/windows/bin/../lib/gcc/sh-elf/9.3.0\libgcc.a(_addsub_sf.o)
 .data          0x060341d0        0x0 f:/saturn dev/joengine-master/compiler/windows/bin/../lib/gcc/sh-elf/9.3.0\libgcc.a(_mul_sf.o)
 .data          0x060341d0        0x0 f:/saturn dev/joengine-master/compiler/windows/bin/../lib/gcc/sh-elf/9.3.0\libgcc.a(_div_sf.o)
 .data          0x060341d0        0x0 f:/saturn dev/joengine-master/compiler/windows/bin/../lib/gcc/sh-elf/9.3.0\libgcc.a(_gt_sf.o)
 .data          0x060341d0        0x0 f:/saturn dev/joengine-master/compiler/windows/bin/../lib/gcc/sh-elf/9.3.0\libgcc.a(_ge_sf.o)
 .data          0x060341d0        0x0 f:/saturn dev/joengine-master/compiler/windows/bin/../lib/gcc/sh-elf/9.3.0\libgcc.a(_lt_sf.o)
 .data          0x060341d0        0x0 f:/saturn dev/joengine-master/compiler/windows/bin/../lib/gcc/sh-elf/9.3.0\libgcc.a(_le_sf.o)
 .data          0x060341d0        0x0 f:/saturn dev/joengine-master/compiler/windows/bin/../lib/gcc/sh-elf/9.3.0\libgcc.a(_si_to_sf.o)
 .data          0x060341d0        0x0 f:/saturn dev/joengine-master/compiler/windows/bin/../lib/gcc/sh-elf/9.3.0\libgcc.a(_sf_to_si.o)
 .data          0x060341d0        0x0 f:/saturn dev/joengine-master/compiler/windows/bin/../lib/gcc/sh-elf/9.3.0\libgcc.a(_sf_to_df.o)
 .data          0x060341d0        0x0 f:/saturn dev/joengine-master/compiler/windows/bin/../lib/gcc/sh-elf/9.3.0\libgcc.a(_thenan_sf.o)
 .data          0x060341d0        0x0 f:/saturn dev/joengine-master/compiler/windows/bin/../lib/gcc/sh-elf/9.3.0\libgcc.a(_usi_to_sf.o)
 .data          0x060341d0        0x0 f:/saturn dev/joengine-master/compiler/windows/bin/../lib/gcc/sh-elf/9.3.0\libgcc.a(_addsub_df.o)
 .data          0x060341d0        0x0 f:/saturn dev/joengine-master/compiler/windows/bin/../lib/gcc/sh-elf/9.3.0\libgcc.a(_mul_df.o)
 .data          0x060341d0        0x0 f:/saturn dev/joengine-master/compiler/windows/bin/../lib/gcc/sh-elf/9.3.0\libgcc.a(_si_to_df.o)
 .data          0x060341d0        0x0 f:/saturn dev/joengine-master/compiler/windows/bin/../lib/gcc/sh-elf/9.3.0\libgcc.a(_df_to_si.o)
 .data          0x060341d0        0x0 f:/saturn dev/joengine-master/compiler/windows/bin/../lib/gcc/sh-elf/9.3.0\libgcc.a(_make_df.o)